warning: The `tool.uv.dev-dependencies` field (used in `pyproject.toml`) is deprecated and will be removed in a future release; use `dependency-groups.dev` instead
Robot schema: name=mini3 dofs=21 bodies=24 state_dim=48 action_dim=21
2026-07-28 23:31:26.936 | INFO     | humanoidverse.utils.helpers:pre_process_config:49 - obs_dims: {'base_lin_vel': 3, 'base_ang_vel': 3, 'projected_gravity': 3, 'dof_pos': 21, 'dof_vel': 21, 'actions': 21, 'max_local_self': 357}
2026-07-28 23:31:26.938 | INFO     | humanoidverse.utils.helpers:pre_process_config:60 - auxiliary_obs_dims: {'history_actor': 276}
2026-07-28 23:31:26.938 | INFO     | humanoidverse.utils.helpers:pre_process_config:67 - actor_obs: base_ang_vel has dim: 3
2026-07-28 23:31:26.939 | INFO     | humanoidverse.utils.helpers:pre_process_config:67 - actor_obs: projected_gravity has dim: 3
2026-07-28 23:31:26.939 | INFO     | humanoidverse.utils.helpers:pre_process_config:67 - actor_obs: dof_pos has dim: 21
2026-07-28 23:31:26.940 | INFO     | humanoidverse.utils.helpers:pre_process_config:67 - actor_obs: dof_vel has dim: 21
2026-07-28 23:31:26.941 | INFO     | humanoidverse.utils.helpers:pre_process_config:67 - actor_obs: actions has dim: 21
2026-07-28 23:31:26.941 | INFO     | humanoidverse.utils.helpers:pre_process_config:70 - actor_obs: history_actor has dim: 276
2026-07-28 23:31:26.941 | INFO     | humanoidverse.utils.helpers:pre_process_config:67 - actor_obs: max_local_self has dim: 357
2026-07-28 23:31:26.942 | INFO     | humanoidverse.utils.helpers:pre_process_config:67 - clean_policy_obs: base_ang_vel has dim: 3
2026-07-28 23:31:26.942 | INFO     | humanoidverse.utils.helpers:pre_process_config:67 - clean_policy_obs: projected_gravity has dim: 3
2026-07-28 23:31:26.943 | INFO     | humanoidverse.utils.helpers:pre_process_config:67 - clean_policy_obs: dof_pos has dim: 21
2026-07-28 23:31:26.944 | INFO     | humanoidverse.utils.helpers:pre_process_config:67 - clean_policy_obs: dof_vel has dim: 21
2026-07-28 23:31:26.944 | INFO     | humanoidverse.utils.helpers:pre_process_config:67 - clean_policy_obs: max_local_self has dim: 357
2026-07-28 23:31:26.945 | INFO     | humanoidverse.utils.helpers:pre_process_config:67 - critic_obs: max_local_self has dim: 357
2026-07-28 23:31:26.945 | INFO     | humanoidverse.utils.helpers:pre_process_config:76 - algo_obs_dim_dict: {'actor_obs': 702, 'clean_policy_obs': 405, 'critic_obs': 357}
[WARN][AppLauncher]: There are no arguments attached to the ArgumentParser object. If you have your own arguments, please load your own arguments before calling the `AppLauncher.add_app_launcher_args` method. This allows the method to check the validity of the arguments and perform checks for argument names.
[INFO][AppLauncher]: Loading experience file: /home/wzk/BFM-Zero/.venv/lib/python3.10/site-packages/isaaclab/apps/isaaclab.python.headless.kit
[Warning] [simulation_app.simulation_app] Modules: ['omni.kit_app'] were loaded before SimulationApp was started and might not be loaded correctly.
[Warning] [simulation_app.simulation_app] Please check to make sure no extra omniverse or pxr modules are imported before the call to SimulationApp(...)
Loading user config located at: '/home/wzk/BFM-Zero/.venv/lib/python3.10/site-packages/omni/data/Kit/Isaac-Sim/4.5/user.config.json'
[Info] [carb] Logging to file: /home/wzk/BFM-Zero/.venv/lib/python3.10/site-packages/omni/logs/Kit/Isaac-Sim/4.5/kit_20260728_233127.log
2026-07-28 15:31:27 [0ms] [Warning] [omni.kit.app.plugin] No crash reporter present, dumps uploading isn't available.
2026-07-28 15:31:27 [122ms] [Warning] [omni.usd_config.extension] Enable omni.materialx.libs extension to use MaterialX
2026-07-28 15:31:27 [316ms] [Warning] [omni.platforminfo.plugin] failed to open the default display.  Can't verify X Server version.
2026-07-28 15:31:27 [317ms] [Warning] [omni.platforminfo.plugin] failed to load XRAndR.
2026-07-28 15:31:27 [548ms] [Warning] [omni.datastore] OmniHub is inaccessible
2026-07-28 15:31:27 [583ms] [Warning] [omni.isaac.dynamic_control] omni.isaac.dynamic_control is deprecated as of Isaac Sim 4.5. No action is needed from end-users.

|---------------------------------------------------------------------------------------------|
| Driver Version: 580.126.09    | Graphics API: Vulkan
|=============================================================================================|
| GPU | Name                             | Active | LDA | GPU Memory | Vendor-ID | LUID       |
|     |                                  |        |     |            | Device-ID | UUID       |
|     |                                  |        |     |            | Bus-ID    |            |
|---------------------------------------------------------------------------------------------|
| 0   | NVIDIA GeForce RTX 4090          | Yes: 0 |     | 78826   MB | 10de      | 0          |
|     |                                  |        |     |            | 2684      | b17aaba3.. |
|     |                                  |        |     |            | 8         |            |
|---------------------------------------------------------------------------------------------|
| 1   | NVIDIA GeForce RTX 4090          | Yes: 1 |     | 78826   MB | 10de      | 0          |
|     |                                  |        |     |            | 2684      | 68f466eb.. |
|     |                                  |        |     |            | c         |            |
|---------------------------------------------------------------------------------------------|
| 2   | NVIDIA GeForce RTX 4090          | Yes: 2 |     | 78826   MB | 10de      | 0          |
|     |                                  |        |     |            | 2684      | b78226f0.. |
|     |                                  |        |     |            | 89        |            |
|---------------------------------------------------------------------------------------------|
| 3   | NVIDIA GeForce RTX 4090          | Yes: 3 |     | 78826   MB | 10de      | 0          |
|     |                                  |        |     |            | 2684      | f06f9e3a.. |
|     |                                  |        |     |            | 8a        |            |
|---------------------------------------------------------------------------------------------|
| 4   | NVIDIA GeForce RTX 4090          | Yes: 4 |     | 78826   MB | 10de      | 0          |
|     |                                  |        |     |            | 2684      | ca3ace87.. |
|     |                                  |        |     |            | 8         |            |
|---------------------------------------------------------------------------------------------|
| 5   | NVIDIA GeForce RTX 4090          | Yes: 5 |     | 78826   MB | 10de      | 0          |
|     |                                  |        |     |            | 2684      | 1268b594.. |
|     |                                  |        |     |            | c         |            |
|---------------------------------------------------------------------------------------------|
| 6   | NVIDIA GeForce RTX 4090          | Yes: 6 |     | 78826   MB | 10de      | 0          |
|     |                                  |        |     |            | 2684      | bc3c3a1a.. |
|     |                                  |        |     |            | 8c        |            |
|---------------------------------------------------------------------------------------------|
| 7   | NVIDIA GeForce RTX 4090          | Yes: 7 |     | 78826   MB | 10de      | 0          |
|     |                                  |        |     |            | 2684      | 5342f46d.. |
|     |                                  |        |     |            | 8d        |            |
|=============================================================================================|
| OS: 22.04.5 LTS (Jammy Jellyfish) ubuntu, Version: 22.04.5, Kernel: 5.15.0-179-generic
| Processor: Intel(R) Xeon(R) Gold 6462C
| Cores: 64 | Logical Cores: 128
|---------------------------------------------------------------------------------------------|
| Total Memory (MB): 1030663 | Free Memory: 974016
| Total Page/Swap (MB): 0 | Free Page/Swap: 0
|---------------------------------------------------------------------------------------------|
2026-07-28 15:31:32 [5,072ms] [Warning] [gpu.foundation.plugin] ECC is enabled on physical device 0
2026-07-28 15:31:32 [5,072ms] [Warning] [gpu.foundation.plugin] ECC is enabled on physical device 1
2026-07-28 15:31:32 [5,072ms] [Warning] [gpu.foundation.plugin] ECC is enabled on physical device 2
2026-07-28 15:31:32 [5,072ms] [Warning] [gpu.foundation.plugin] ECC is enabled on physical device 3
2026-07-28 15:31:32 [5,072ms] [Warning] [gpu.foundation.plugin] ECC is enabled on physical device 4
2026-07-28 15:31:32 [5,072ms] [Warning] [gpu.foundation.plugin] ECC is enabled on physical device 5
2026-07-28 15:31:32 [5,072ms] [Warning] [gpu.foundation.plugin] ECC is enabled on physical device 6
2026-07-28 15:31:32 [5,072ms] [Warning] [gpu.foundation.plugin] ECC is enabled on physical device 7
2026-07-28 23:31:32.525 | INFO     | humanoidverse.simulator.isaacsim.isaacsim:__init__:76 - IsaacSim initialized.
2026-07-28 23:31:32.525 | INFO     | humanoidverse.simulator.isaacsim.isaacsim:__init__:78 - [INFO]: Base environment:
2026-07-28 23:31:32.525 | INFO     | humanoidverse.simulator.isaacsim.isaacsim:__init__:79 - 	Environment device    : cuda:0
2026-07-28 23:31:32.525 | INFO     | humanoidverse.simulator.isaacsim.isaacsim:__init__:80 - 	Physics step-size     : 0.002
2026-07-28 23:31:32.525 | INFO     | humanoidverse.simulator.isaacsim.isaacsim:__init__:81 - 	Rendering step-size   : 0.002
2026-07-28 23:31:32.525 | WARNING  | humanoidverse.simulator.isaacsim.isaacsim:__init__:90 - The render interval (4) is smaller than the decimation (10). Multiple render calls will happen for each environment step.If this is not intended, set the render interval to be equal to the decimation.
key: hip_pitch, kp: 60.0, kd: 4.5
key: hip_roll, kp: 55.0, kd: 2.8
key: hip_yaw, kp: 25.0, kd: 1.1
key: knee, kp: 60.0, kd: 4.5
key: ankle_pitch, kp: 50.0, kd: 1.2
key: ankle_roll, kp: 45.0, kd: 1.2
key: hip_pitch, kp: 60.0, kd: 4.5
key: hip_roll, kp: 55.0, kd: 2.8
key: hip_yaw, kp: 25.0, kd: 1.1
key: knee, kp: 60.0, kd: 4.5
key: ankle_pitch, kp: 50.0, kd: 1.2
key: ankle_roll, kp: 45.0, kd: 1.2
key: waist_yaw, kp: 65.0, kd: 3.0
key: shoulder_pitch, kp: 30.0, kd: 1.0
key: shoulder_roll, kp: 25.0, kd: 2.0
key: shoulder_yaw, kp: 30.0, kd: 1.0
key: elbow, kp: 20.0, kd: 1.0
key: shoulder_pitch, kp: 30.0, kd: 1.0
key: shoulder_roll, kp: 25.0, kd: 2.0
key: shoulder_yaw, kp: 30.0, kd: 1.0
key: elbow, kp: 20.0, kd: 1.0
2026-07-28 15:31:32 [5,421ms] [Warning] [carb.windowing-glfw.plugin] GLFW initialization failed.
2026-07-28 15:31:32 [5,421ms] [Warning] [carb] Failed to startup plugin carb.windowing-glfw.plugin (interfaces: [carb::windowing::IGLContext v1.0],[carb::windowing::IWindowing v1.5]) (impl: carb.windowing-glfw.plugin)
2026-07-28 15:31:32 [5,423ms] [Error] [gpu.foundation.plugin] DriverShaderCacheManager::init() called without a shutdown()!

|---------------------------------------------------------------------------------------------|
| Driver Version: 580.126.09    | Graphics API: Vulkan
|=============================================================================================|
| GPU | Name                             | Active | LDA | GPU Memory | Vendor-ID | LUID       |
|     |                                  |        |     |            | Device-ID | UUID       |
|     |                                  |        |     |            | Bus-ID    |            |
|---------------------------------------------------------------------------------------------|
| 0   | NVIDIA GeForce RTX 4090          | Yes: 0 |     | 78826   MB | 10de      | 0          |
|     |                                  |        |     |            | 2684      | b17aaba3.. |
|     |                                  |        |     |            | 8         |            |
|---------------------------------------------------------------------------------------------|
| 1   | NVIDIA GeForce RTX 4090          | Yes: 1 |     | 78826   MB | 10de      | 0          |
|     |                                  |        |     |            | 2684      | 68f466eb.. |
|     |                                  |        |     |            | c         |            |
|---------------------------------------------------------------------------------------------|
| 2   | NVIDIA GeForce RTX 4090          | Yes: 2 |     | 78826   MB | 10de      | 0          |
|     |                                  |        |     |            | 2684      | b78226f0.. |
|     |                                  |        |     |            | 89        |            |
|---------------------------------------------------------------------------------------------|
| 3   | NVIDIA GeForce RTX 4090          | Yes: 3 |     | 78826   MB | 10de      | 0          |
|     |                                  |        |     |            | 2684      | f06f9e3a.. |
|     |                                  |        |     |            | 8a        |            |
|---------------------------------------------------------------------------------------------|
| 4   | NVIDIA GeForce RTX 4090          | Yes: 4 |     | 78826   MB | 10de      | 0          |
|     |                                  |        |     |            | 2684      | ca3ace87.. |
|     |                                  |        |     |            | 8         |            |
|---------------------------------------------------------------------------------------------|
| 5   | NVIDIA GeForce RTX 4090          | Yes: 5 |     | 78826   MB | 10de      | 0          |
|     |                                  |        |     |            | 2684      | 1268b594.. |
|     |                                  |        |     |            | c         |            |
|---------------------------------------------------------------------------------------------|
| 6   | NVIDIA GeForce RTX 4090          | Yes: 6 |     | 78826   MB | 10de      | 0          |
|     |                                  |        |     |            | 2684      | bc3c3a1a.. |
|     |                                  |        |     |            | 8c        |            |
|---------------------------------------------------------------------------------------------|
| 7   | NVIDIA GeForce RTX 4090          | Yes: 7 |     | 78826   MB | 10de      | 0          |
|     |                                  |        |     |            | 2684      | 5342f46d.. |
|     |                                  |        |     |            | 8d        |            |
|=============================================================================================|
| OS: 22.04.5 LTS (Jammy Jellyfish) ubuntu, Version: 22.04.5, Kernel: 5.15.0-179-generic
| Processor: Intel(R) Xeon(R) Gold 6462C
| Cores: 64 | Logical Cores: 128
|---------------------------------------------------------------------------------------------|
| Total Memory (MB): 1030663 | Free Memory: 973228
| Total Page/Swap (MB): 0 | Free Page/Swap: 0
|---------------------------------------------------------------------------------------------|
2026-07-28 15:31:35 [8,056ms] [Warning] [gpu.foundation.plugin] ECC is enabled on physical device 0
2026-07-28 15:31:35 [8,056ms] [Warning] [gpu.foundation.plugin] ECC is enabled on physical device 1
2026-07-28 15:31:35 [8,056ms] [Warning] [gpu.foundation.plugin] ECC is enabled on physical device 2
2026-07-28 15:31:35 [8,056ms] [Warning] [gpu.foundation.plugin] ECC is enabled on physical device 3
2026-07-28 15:31:35 [8,056ms] [Warning] [gpu.foundation.plugin] ECC is enabled on physical device 4
2026-07-28 15:31:35 [8,056ms] [Warning] [gpu.foundation.plugin] ECC is enabled on physical device 5
2026-07-28 15:31:35 [8,056ms] [Warning] [gpu.foundation.plugin] ECC is enabled on physical device 6
2026-07-28 15:31:35 [8,056ms] [Warning] [gpu.foundation.plugin] ECC is enabled on physical device 7
2026-07-28 15:31:37 [10,406ms] [Warning] [carb.windowing-glfw.plugin] GLFW initialization failed.
2026-07-28 15:31:37 [10,406ms] [Warning] [carb] Failed to startup plugin carb.windowing-glfw.plugin (interfaces: [carb::windowing::IGLContext v1.0],[carb::windowing::IWindowing v1.5]) (impl: carb.windowing-glfw.plugin)
2026-07-28 15:31:37 [10,499ms] [Warning] [carb.windowing-glfw.plugin] GLFW initialization failed.
2026-07-28 15:31:37 [10,499ms] [Warning] [carb] Failed to startup plugin carb.windowing-glfw.plugin (interfaces: [carb::windowing::IGLContext v1.0],[carb::windowing::IWindowing v1.5]) (impl: carb.windowing-glfw.plugin)
2026-07-28 15:31:37 [10,543ms] [Warning] [carb.windowing-glfw.plugin] GLFW initialization failed.
2026-07-28 15:31:37 [10,543ms] [Warning] [carb] Failed to startup plugin carb.windowing-glfw.plugin (interfaces: [carb::windowing::IGLContext v1.0],[carb::windowing::IWindowing v1.5]) (impl: carb.windowing-glfw.plugin)
2026-07-28 15:31:37 [10,552ms] [Warning] [carb.windowing-glfw.plugin] GLFW initialization failed.
2026-07-28 15:31:37 [10,552ms] [Warning] [carb] Failed to startup plugin carb.windowing-glfw.plugin (interfaces: [carb::windowing::IGLContext v1.0],[carb::windowing::IWindowing v1.5]) (impl: carb.windowing-glfw.plugin)
2026-07-28 15:31:37 [10,554ms] [Warning] [carb.windowing-glfw.plugin] GLFW initialization failed.
2026-07-28 15:31:37 [10,554ms] [Warning] [carb] Failed to startup plugin carb.windowing-glfw.plugin (interfaces: [carb::windowing::IGLContext v1.0],[carb::windowing::IWindowing v1.5]) (impl: carb.windowing-glfw.plugin)
2026-07-28 15:31:37 [10,555ms] [Warning] [carb.windowing-glfw.plugin] GLFW initialization failed.
2026-07-28 15:31:37 [10,555ms] [Warning] [carb] Failed to startup plugin carb.windowing-glfw.plugin (interfaces: [carb::windowing::IGLContext v1.0],[carb::windowing::IWindowing v1.5]) (impl: carb.windowing-glfw.plugin)
2026-07-28 15:31:38 [10,903ms] [Warning] [omni.graph.visualization.nodes._impl.extension] No Viewport Window to add omni.graph.visualization.nodes-2.1.1 scene to
2026-07-28 15:31:41 [14,807ms] [Warning] [omni.usd] Warning: in GetNodeDiscoveryResults at line 136 of /builds/omniverse/usd-ci/USD/pxr/usd/usdShade/shaderDefUtils.cpp -- Unable to resolve info:sourceAsset </UsdPreviewSurface.info:mdl:sourceAsset> with value @UsdPreviewSurface.mdl@.

2026-07-28 15:31:41 [14,807ms] [Warning] [omni.usd] Warning: in GetNodeDiscoveryResults at line 136 of /builds/omniverse/usd-ci/USD/pxr/usd/usdShade/shaderDefUtils.cpp -- Unable to resolve info:sourceAsset </UsdUVTexture.info:mdl:sourceAsset> with value @UsdPreviewSurface.mdl@.

2026-07-28 15:31:41 [14,807ms] [Warning] [omni.usd] Warning: in GetNodeDiscoveryResults at line 136 of /builds/omniverse/usd-ci/USD/pxr/usd/usdShade/shaderDefUtils.cpp -- Unable to resolve info:sourceAsset </UsdPrimvarReader_float.info:mdl:sourceAsset> with value @UsdPreviewSurface.mdl@.

2026-07-28 15:31:41 [14,807ms] [Warning] [omni.usd] Warning: in GetNodeDiscoveryResults at line 136 of /builds/omniverse/usd-ci/USD/pxr/usd/usdShade/shaderDefUtils.cpp -- Unable to resolve info:sourceAsset </UsdPrimvarReader_float2.info:mdl:sourceAsset> with value @UsdPreviewSurface.mdl@.

2026-07-28 15:31:41 [14,807ms] [Warning] [omni.usd] Warning: in GetNodeDiscoveryResults at line 136 of /builds/omniverse/usd-ci/USD/pxr/usd/usdShade/shaderDefUtils.cpp -- Unable to resolve info:sourceAsset </UsdPrimvarReader_float3.info:mdl:sourceAsset> with value @UsdPreviewSurface.mdl@.

2026-07-28 15:31:41 [14,807ms] [Warning] [omni.usd] Warning: in GetNodeDiscoveryResults at line 136 of /builds/omniverse/usd-ci/USD/pxr/usd/usdShade/shaderDefUtils.cpp -- Unable to resolve info:sourceAsset </UsdPrimvarReader_float4.info:mdl:sourceAsset> with value @UsdPreviewSurface.mdl@.

2026-07-28 15:31:41 [14,807ms] [Warning] [omni.usd] Warning: in GetNodeDiscoveryResults at line 136 of /builds/omniverse/usd-ci/USD/pxr/usd/usdShade/shaderDefUtils.cpp -- Unable to resolve info:sourceAsset </UsdPrimvarReader_int.info:mdl:sourceAsset> with value @UsdPreviewSurface.mdl@.

2026-07-28 15:31:41 [14,808ms] [Warning] [omni.usd] Warning: in GetNodeDiscoveryResults at line 136 of /builds/omniverse/usd-ci/USD/pxr/usd/usdShade/shaderDefUtils.cpp -- Unable to resolve info:sourceAsset </UsdPrimvarReader_string.info:mdl:sourceAsset> with value @UsdPreviewSurface.mdl@.

2026-07-28 15:31:41 [14,808ms] [Warning] [omni.usd] Warning: in GetNodeDiscoveryResults at line 136 of /builds/omniverse/usd-ci/USD/pxr/usd/usdShade/shaderDefUtils.cpp -- Unable to resolve info:sourceAsset </UsdPrimvarReader_normal.info:mdl:sourceAsset> with value @UsdPreviewSurface.mdl@.

2026-07-28 15:31:41 [14,808ms] [Warning] [omni.usd] Warning: in GetNodeDiscoveryResults at line 136 of /builds/omniverse/usd-ci/USD/pxr/usd/usdShade/shaderDefUtils.cpp -- Unable to resolve info:sourceAsset </UsdPrimvarReader_point.info:mdl:sourceAsset> with value @UsdPreviewSurface.mdl@.

2026-07-28 15:31:41 [14,808ms] [Warning] [omni.usd] Warning: in GetNodeDiscoveryResults at line 136 of /builds/omniverse/usd-ci/USD/pxr/usd/usdShade/shaderDefUtils.cpp -- Unable to resolve info:sourceAsset </UsdPrimvarReader_vector.info:mdl:sourceAsset> with value @UsdPreviewSurface.mdl@.

2026-07-28 15:31:41 [14,808ms] [Warning] [omni.usd] Warning: in GetNodeDiscoveryResults at line 136 of /builds/omniverse/usd-ci/USD/pxr/usd/usdShade/shaderDefUtils.cpp -- Unable to resolve info:sourceAsset </UsdPrimvarReader_matrix.info:mdl:sourceAsset> with value @UsdPreviewSurface.mdl@.

2026-07-28 15:31:41 [14,808ms] [Warning] [omni.usd] Warning: in GetNodeDiscoveryResults at line 136 of /builds/omniverse/usd-ci/USD/pxr/usd/usdShade/shaderDefUtils.cpp -- Unable to resolve info:sourceAsset </UsdTransform2d.info:mdl:sourceAsset> with value @UsdPreviewSurface.mdl@.

[INFO]: Time taken for scene creation : 9.417095 seconds
[INFO]: Scene manager:  <class InteractiveScene>
	Number of environments: 512
	Environment spacing   : 5.0
	Source prim name      : /World/envs/env_0
	Global prim paths     : ['/World/ground']
	Replicate physics     : True
2026-07-28 23:31:41.943 | INFO     | humanoidverse.simulator.isaacsim.isaacsim:__init__:110 - Starting the simulation. This may take a few seconds. Please wait...
[INFO]: Time taken for simulation start : 0.994942 seconds
[INFO] Event Manager:  <EventManager> contains 2 active terms.
+---------------------------------------+
| Active Event Terms in Mode: 'startup' |
+---------+-----------------------------+
|  Index  | Name                        |
+---------+-----------------------------+
|    0    | scale_body_mass             |
|    1    | random_joint_friction       |
|    2    | random_base_com             |
+---------+-----------------------------+
+--------------------------------------------------+
| Active Event Terms in Mode: 'on_push_by_setting_velocity' |
+----------------+---------------------------------+
|     Index      | Name                            |
+----------------+---------------------------------+
|       0        | push_robots                     |
+----------------+---------------------------------+

2026-07-28 23:31:42.982 | INFO     | humanoidverse.simulator.isaacsim.isaacsim:__init__:228 - Completed setting up the environment...
2026-07-28 23:31:43.085 | WARNING  | humanoidverse.simulator.isaacsim.isaacsim:load_assets:520 - The order of the joint_names in the robot_config does not match the order of the joint_ids in IsaacSim.
/home/wzk/BFM-Zero/.venv/lib/python3.10/site-packages/torch/functional.py:554: UserWarning: torch.meshgrid: in an upcoming release, it will be required to pass the indexing argument. (Triggered internally at /pytorch/aten/src/ATen/native/TensorShape.cpp:4314.)
  return _VF.meshgrid(tensors, **kwargs)  # type: ignore[attr-defined]
2026-07-28 23:31:43.297 | DEBUG    | humanoidverse.envs.legged_base_task.legged_robot_base:_init_buffers:85 - PD gain of joint left_hip_pitch_joint were defined, setting them to 60.0 and 4.5
2026-07-28 23:31:43.298 | DEBUG    | humanoidverse.envs.legged_base_task.legged_robot_base:_init_buffers:85 - PD gain of joint left_hip_roll_joint were defined, setting them to 55.0 and 2.799999952316284
2026-07-28 23:31:43.300 | DEBUG    | humanoidverse.envs.legged_base_task.legged_robot_base:_init_buffers:85 - PD gain of joint left_hip_yaw_joint were defined, setting them to 25.0 and 1.100000023841858
2026-07-28 23:31:43.301 | DEBUG    | humanoidverse.envs.legged_base_task.legged_robot_base:_init_buffers:85 - PD gain of joint left_knee_pitch_joint were defined, setting them to 60.0 and 4.5
2026-07-28 23:31:43.302 | DEBUG    | humanoidverse.envs.legged_base_task.legged_robot_base:_init_buffers:85 - PD gain of joint left_ankle_pitch_joint were defined, setting them to 50.0 and 1.2000000476837158
2026-07-28 23:31:43.303 | DEBUG    | humanoidverse.envs.legged_base_task.legged_robot_base:_init_buffers:85 - PD gain of joint left_ankle_roll_joint were defined, setting them to 45.0 and 1.2000000476837158
2026-07-28 23:31:43.304 | DEBUG    | humanoidverse.envs.legged_base_task.legged_robot_base:_init_buffers:85 - PD gain of joint right_hip_pitch_joint were defined, setting them to 60.0 and 4.5
2026-07-28 23:31:43.305 | DEBUG    | humanoidverse.envs.legged_base_task.legged_robot_base:_init_buffers:85 - PD gain of joint right_hip_roll_joint were defined, setting them to 55.0 and 2.799999952316284
2026-07-28 23:31:43.306 | DEBUG    | humanoidverse.envs.legged_base_task.legged_robot_base:_init_buffers:85 - PD gain of joint right_hip_yaw_joint were defined, setting them to 25.0 and 1.100000023841858
2026-07-28 23:31:43.307 | DEBUG    | humanoidverse.envs.legged_base_task.legged_robot_base:_init_buffers:85 - PD gain of joint right_knee_pitch_joint were defined, setting them to 60.0 and 4.5
2026-07-28 23:31:43.308 | DEBUG    | humanoidverse.envs.legged_base_task.legged_robot_base:_init_buffers:85 - PD gain of joint right_ankle_pitch_joint were defined, setting them to 50.0 and 1.2000000476837158
2026-07-28 23:31:43.309 | DEBUG    | humanoidverse.envs.legged_base_task.legged_robot_base:_init_buffers:85 - PD gain of joint right_ankle_roll_joint were defined, setting them to 45.0 and 1.2000000476837158
2026-07-28 23:31:43.310 | DEBUG    | humanoidverse.envs.legged_base_task.legged_robot_base:_init_buffers:85 - PD gain of joint waist_yaw_joint were defined, setting them to 65.0 and 3.0
2026-07-28 23:31:43.311 | DEBUG    | humanoidverse.envs.legged_base_task.legged_robot_base:_init_buffers:85 - PD gain of joint left_shoulder_pitch_joint were defined, setting them to 30.0 and 1.0
2026-07-28 23:31:43.312 | DEBUG    | humanoidverse.envs.legged_base_task.legged_robot_base:_init_buffers:85 - PD gain of joint left_shoulder_roll_joint were defined, setting them to 25.0 and 2.0
2026-07-28 23:31:43.313 | DEBUG    | humanoidverse.envs.legged_base_task.legged_robot_base:_init_buffers:85 - PD gain of joint left_shoulder_yaw_joint were defined, setting them to 30.0 and 1.0
2026-07-28 23:31:43.314 | DEBUG    | humanoidverse.envs.legged_base_task.legged_robot_base:_init_buffers:85 - PD gain of joint left_elbow_pitch_joint were defined, setting them to 20.0 and 1.0
2026-07-28 23:31:43.315 | DEBUG    | humanoidverse.envs.legged_base_task.legged_robot_base:_init_buffers:85 - PD gain of joint right_shoulder_pitch_joint were defined, setting them to 30.0 and 1.0
2026-07-28 23:31:43.316 | DEBUG    | humanoidverse.envs.legged_base_task.legged_robot_base:_init_buffers:85 - PD gain of joint right_shoulder_roll_joint were defined, setting them to 25.0 and 2.0
2026-07-28 23:31:43.317 | DEBUG    | humanoidverse.envs.legged_base_task.legged_robot_base:_init_buffers:85 - PD gain of joint right_shoulder_yaw_joint were defined, setting them to 30.0 and 1.0
2026-07-28 23:31:43.318 | DEBUG    | humanoidverse.envs.legged_base_task.legged_robot_base:_init_buffers:85 - PD gain of joint right_elbow_pitch_joint were defined, setting them to 20.0 and 1.0
2026-07-28 23:31:43.331 | INFO     | humanoidverse.envs.legged_base_task.legged_robot_base:_prepare_reward_function:147 - Zhengyi set reward on 20250320
2026-07-28 23:31:43.331 | INFO     | humanoidverse.envs.legged_base_task.legged_robot_base:_prepare_reward_function:152 - Scale: penalty_torques = -1e-06
2026-07-28 23:31:43.331 | INFO     | humanoidverse.envs.legged_base_task.legged_robot_base:_prepare_reward_function:152 - Scale: penalty_undesired_contact = -1
2026-07-28 23:31:43.331 | INFO     | humanoidverse.envs.legged_base_task.legged_robot_base:_prepare_reward_function:152 - Scale: penalty_action_rate = -0.5
2026-07-28 23:31:43.331 | INFO     | humanoidverse.envs.legged_base_task.legged_robot_base:_prepare_reward_function:152 - Scale: penalty_ankle_roll = -0.5
2026-07-28 23:31:43.331 | INFO     | humanoidverse.envs.legged_base_task.legged_robot_base:_prepare_reward_function:152 - Scale: penalty_feet_ori = -0.1
2026-07-28 23:31:43.331 | INFO     | humanoidverse.envs.legged_base_task.legged_robot_base:_prepare_reward_function:152 - Scale: feet_heading_alignment = -0.1
2026-07-28 23:31:43.331 | INFO     | humanoidverse.envs.legged_base_task.legged_robot_base:_prepare_reward_function:152 - Scale: penalty_slippage = -1.0
2026-07-28 23:31:43.332 | INFO     | humanoidverse.envs.legged_base_task.legged_robot_base:_prepare_reward_function:152 - Scale: limits_dof_pos = -10.0
2026-07-28 23:31:43.332 | INFO     | humanoidverse.envs.legged_base_task.legged_robot_base:_prepare_reward_function:152 - Scale: limits_dof_vel = -5.0
2026-07-28 23:31:43.332 | INFO     | humanoidverse.envs.legged_base_task.legged_robot_base:_prepare_reward_function:152 - Scale: limits_torque = -5.0
2026-07-28 23:31:43.332 | INFO     | humanoidverse.envs.legged_base_task.legged_robot_base:_prepare_reward_function:163 - Use Reward Penalty: True
2026-07-28 23:31:43.333 | INFO     | humanoidverse.envs.legged_base_task.legged_robot_base:_prepare_reward_function:165 - Penalty Reward Names: ['penalty_torques', 'penalty_action_rate', 'limits_dof_pos', 'limits_torque', 'penalty_slippage', 'penalty_undesired_contact', 'penalty_ankle_roll', 'penalty_feet_ori']
2026-07-28 23:31:43.333 | INFO     | humanoidverse.envs.legged_base_task.legged_robot_base:_prepare_reward_function:166 - Penalty Reward Initial Scale: 0.1
2026-07-28 23:31:43.335 | INFO     | humanoidverse.envs.env_utils.history_handler:__init__:25 - History Handler Initialized
2026-07-28 23:31:43.335 | INFO     | humanoidverse.envs.env_utils.history_handler:__init__:27 - Key: base_ang_vel, Value: 4
2026-07-28 23:31:43.335 | INFO     | humanoidverse.envs.env_utils.history_handler:__init__:27 - Key: projected_gravity, Value: 4
2026-07-28 23:31:43.335 | INFO     | humanoidverse.envs.env_utils.history_handler:__init__:27 - Key: dof_pos, Value: 4
2026-07-28 23:31:43.335 | INFO     | humanoidverse.envs.env_utils.history_handler:__init__:27 - Key: dof_vel, Value: 4
2026-07-28 23:31:43.335 | INFO     | humanoidverse.envs.env_utils.history_handler:__init__:27 - Key: actions, Value: 4
2026-07-28 23:31:43.337 | INFO     | humanoidverse.utils.motion_lib.motion_lib_base:__init__:53 - Loaded skeleton from /home/wzk/BFM-Zero/humanoidverse/data/robots/mini3/mjcf/mini3.xml
2026-07-28 23:31:43.337 | INFO     | humanoidverse.utils.motion_lib.motion_lib_base:__init__:54 - Loading motion data from /home/wzk/BFM-Zero/humanoidverse/data/lafan1_mini3...
2026-07-28 23:31:43.338 | INFO     | humanoidverse.utils.motion_lib.motion_lib_base:load_data:92 - Loaded 77 motions
Loading Meshes ... ━━━━━━━━━━━━━━━━━━━━━━━━━━━━━━━━━━━━━━━━ 100% 0:00:01
Loading Geoms... ━━━━━━━━━━━━━━━━━━━━━━━━━━━━━━━━━━━━━━━━ 100% 0:00:00
2026-07-28 23:31:44.553 | INFO     | humanoidverse.utils.motion_lib.motion_lib_base:load_motions:387 - Loading 77 motions...
2026-07-28 23:31:44.554 | INFO     | humanoidverse.utils.motion_lib.motion_lib_base:load_motions:388 - Sampling motion: tensor([0, 1, 2, 3, 4, 5, 6, 7, 8, 9], device='cuda:0'), ....
2026-07-28 23:31:44.554 | INFO     | humanoidverse.utils.motion_lib.motion_lib_base:load_motions:389 - Current motion keys: ['/home/wzk/BFM-Zero/humanoidverse/data/lafan1_mini3/fight1_subject5.pkl', '/home/wzk/BFM-Zero/humanoidverse/data/lafan1_mini3/pushAndFall1_subject1.pkl', '/home/wzk/BFM-Zero/humanoidverse/data/lafan1_mini3/obstacles4_subject3.pkl', '/home/wzk/BFM-Zero/humanoidverse/data/lafan1_mini3/obstacles4_subject2.pkl', '/home/wzk/BFM-Zero/humanoidverse/data/lafan1_mini3/jumps1_subject5.pkl', '/home/wzk/BFM-Zero/humanoidverse/data/lafan1_mini3/obstacles2_subject5.pkl', '/home/wzk/BFM-Zero/humanoidverse/data/lafan1_mini3/ground1_subject4.pkl', '/home/wzk/BFM-Zero/humanoidverse/data/lafan1_mini3/dance2_subject2.pkl', '/home/wzk/BFM-Zero/humanoidverse/data/lafan1_mini3/walk3_subject2.pkl', '/home/wzk/BFM-Zero/humanoidverse/data/lafan1_mini3/fightAndSports1_subject4.pkl'], ....
Loading motions... ━━━━━━━━━━━━━━━━━━━━━━━━━━━━━━━━━━━━━━━━ 100% 0:00:00
Gathering results... ━━━━━━━━━━━━━━━━━━━━━━━━━━━━━━━━━━━━━━━━   
Processing motions... ━━━━━━━━━━━━━━━━━━━━━━━━━━━━━━━━━━━━━━━━ 100% 0:00:00
2026-07-28 23:31:45.285 | INFO     | humanoidverse.utils.motion_lib.motion_lib_base:load_motions:487 - Loaded 77 motions with a total length of 767.434s and 23100 frames.
Resolved spaces: state=48, action=21, privileged_state=358
Workdir: results/bfmzero-mini3-clean-disc-v3
compile True
compiling with mode 'reduce-overhead'
cudagraphs False
TensorBoard logdir: results/bfmzero-mini3-clean-disc-v3/tensorboard
All motions already loaded!!! No need to resample.
2026-07-28 23:31:49.709 | INFO     | humanoidverse.envs.env_utils.history_handler:__init__:25 - History Handler Initialized
2026-07-28 23:31:49.709 | INFO     | humanoidverse.envs.env_utils.history_handler:__init__:27 - Key: base_ang_vel, Value: 4
2026-07-28 23:31:49.709 | INFO     | humanoidverse.envs.env_utils.history_handler:__init__:27 - Key: projected_gravity, Value: 4
2026-07-28 23:31:49.709 | INFO     | humanoidverse.envs.env_utils.history_handler:__init__:27 - Key: dof_pos, Value: 4
2026-07-28 23:31:49.709 | INFO     | humanoidverse.envs.env_utils.history_handler:__init__:27 - Key: dof_vel, Value: 4
2026-07-28 23:31:49.709 | INFO     | humanoidverse.envs.env_utils.history_handler:__init__:27 - Key: actions, Value: 4
Creating the training environment
Allocating buffers
Starting training
Starting evaluation at time 0
/home/wzk/BFM-Zero/humanoidverse/agents/evaluations/humanoidverse_isaac.py:495: UserWarning: To copy construct from a tensor, it is recommended to use sourceTensor.detach().clone() or sourceTensor.detach().clone().requires_grad_(True), rather than torch.tensor(sourceTensor).
  tracking_target = torch.tensor(ep["tracking_target"]["state"][:, :pose_dim], dtype=torch.float32)
/home/wzk/BFM-Zero/humanoidverse/agents/evaluations/humanoidverse_isaac.py:495: UserWarning: To copy construct from a tensor, it is recommended to use sourceTensor.detach().clone() or sourceTensor.detach().clone().requires_grad_(True), rather than torch.tensor(sourceTensor).
  tracking_target = torch.tensor(ep["tracking_target"]["state"][:, :pose_dim], dtype=torch.float32)
All motions already loaded!!! No need to resample.
All motions already loaded!!! No need to resample.
/home/wzk/BFM-Zero/.venv/lib/python3.10/site-packages/torch/autograd/graph.py:824: UserWarning: Attempting to run cuBLAS, but there was no current CUDA context! Attempting to set the primary context... (Triggered internally at /pytorch/aten/src/ATen/cuda/CublasHandlePool.cpp:181.)
  return Variable._execution_engine.run_backward(  # Calls into the C++ engine to run the backward pass
W0728 23:32:43.549000 4162380 .venv/lib/python3.10/site-packages/torch/_logging/_internal.py:1130] [6/0] Profiler function <class 'torch.autograd.profiler.record_function'> will be ignored
{'B': 0.000621, 'B_norm': 16.0, 'F1': 0.002603, 'M1': 9.622501, 'Q1': -50.254971, 'Q_aux': -22.635136, 'Q_discriminator': -50.264225, 'Q_fb': 167.959854, 'actor_loss': 562.334778, 'auxQ1': -22.015917, 'aux_critic_loss': 1.027031, 'aux_rew/limits_dof_pos': 0.226127, 'aux_rew/limits_torque': 17.78286, 'aux_rew/penalty_action_rate': 322.780426, 'aux_rew/penalty_ankle_roll': 0.054749, 'aux_rew/penalty_feet_ori': 0.798516, 'aux_rew/penalty_slippage': 1.739839, 'aux_rew/penalty_torques': 8818.039062, 'aux_rew/penalty_undesired_contact': 0.728304, 'critic_loss': 3.219445, 'disc_expert_loss': 0.030148, 'disc_loss': 0.173441, 'disc_train_loss': 0.036961, 'disc_wgan_gp_loss': 0.010633, 'fb_diag': -240.871414, 'fb_loss': 1395.529297, 'fb_offdiag': 700.548462, 'mean_aux_reward': -1.063839, 'mean_disc_reward': -4.11273, 'mean_next_Q': -46.794411, 'mean_next_auxQ': -21.139368, 'orth_loss': 9.358433, 'orth_loss_diag': -255.999985, 'orth_loss_offdiag': 265.358582, 'q_loss': 0.0, 'target_M': 9.29705, 'target_Q': -50.259911, 'target_auxQ': -22.018955, 'unc_Q': 0.589046, 'unc_auxQ': 0.486735, 'z_norm': 16.000004, 'duration [minutes]': 17.14138590892156, 'FPS': 373.3653756831677}
{'B': 0.001258, 'B_norm': 16.0, 'F1': 0.095549, 'M1': 35.017574, 'Q1': -135.451263, 'Q_aux': -37.105824, 'Q_discriminator': -135.19046, 'Q_fb': 373.821167, 'actor_loss': 2562.310547, 'auxQ1': -36.643459, 'aux_critic_loss': 2.066695, 'aux_rew/limits_dof_pos': 0.270846, 'aux_rew/limits_torque': 17.48876, 'aux_rew/penalty_action_rate': 129.974884, 'aux_rew/penalty_ankle_roll': 0.057967, 'aux_rew/penalty_feet_ori': 0.891721, 'aux_rew/penalty_slippage': 1.147039, 'aux_rew/penalty_torques': 8734.121094, 'aux_rew/penalty_undesired_contact': 0.874313, 'critic_loss': 5.200562, 'disc_expert_loss': 0.007627, 'disc_loss': 0.053391, 'disc_train_loss': 0.007985, 'disc_wgan_gp_loss': 0.003778, 'fb_diag': -253.151733, 'fb_loss': -8209.433594, 'fb_offdiag': 968.304321, 'mean_aux_reward': -0.768424, 'mean_disc_reward': -5.384815, 'mean_next_Q': -132.291031, 'mean_next_auxQ': -36.319721, 'orth_loss': -89.245819, 'orth_loss_diag': -255.999969, 'orth_loss_offdiag': 166.754074, 'q_loss': 0.0, 'target_M': 34.770561, 'target_Q': -135.456024, 'target_auxQ': -36.644577, 'unc_Q': 0.869763, 'unc_auxQ': 0.577204, 'z_norm': 15.999986, 'duration [minutes]': 32.96403745412827, 'FPS': 404.5439249110845}
{'B': 0.001005, 'B_norm': 16.0, 'F1': 0.202903, 'M1': 45.765522, 'Q1': -189.729691, 'Q_aux': -40.471302, 'Q_discriminator': -189.536743, 'Q_fb': 466.686066, 'actor_loss': 4500.985352, 'auxQ1': -39.929619, 'aux_critic_loss': 3.040341, 'aux_rew/limits_dof_pos': 0.248534, 'aux_rew/limits_torque': 17.309036, 'aux_rew/penalty_action_rate': 98.851135, 'aux_rew/penalty_ankle_roll': 0.059107, 'aux_rew/penalty_feet_ori': 0.91343, 'aux_rew/penalty_slippage': 0.931836, 'aux_rew/penalty_torques': 8700.019531, 'aux_rew/penalty_undesired_contact': 0.88879, 'critic_loss': 6.283785, 'disc_expert_loss': 0.006973, 'disc_loss': 0.041501, 'disc_train_loss': 0.007306, 'disc_wgan_gp_loss': 0.002722, 'fb_diag': -274.246674, 'fb_loss': -10171.416992, 'fb_offdiag': 1161.178955, 'mean_aux_reward': -0.73146, 'mean_disc_reward': -5.559706, 'mean_next_Q': -187.426727, 'mean_next_auxQ': -39.649731, 'orth_loss': -110.583687, 'orth_loss_diag': -255.999969, 'orth_loss_offdiag': 145.415909, 'q_loss': 0.0, 'target_M': 45.726135, 'target_Q': -189.732224, 'target_auxQ': -39.93037, 'unc_Q': 1.008301, 'unc_auxQ': 0.698261, 'z_norm': 15.99999, 'duration [minutes]': 48.78825695514679, 'FPS': 404.50798640303947}
{'B': 0.001683, 'B_norm': 16.0, 'F1': 0.211129, 'M1': 47.992718, 'Q1': -231.017059, 'Q_aux': -42.173035, 'Q_discriminator': -230.859512, 'Q_fb': 528.140381, 'actor_loss': 6222.248535, 'auxQ1': -41.613697, 'aux_critic_loss': 2.743663, 'aux_rew/limits_dof_pos': 0.247666, 'aux_rew/limits_torque': 17.142712, 'aux_rew/penalty_action_rate': 77.420212, 'aux_rew/penalty_ankle_roll': 0.05823, 'aux_rew/penalty_feet_ori': 0.945492, 'aux_rew/penalty_slippage': 0.783846, 'aux_rew/penalty_torques': 8648.015625, 'aux_rew/penalty_undesired_contact': 0.919525, 'critic_loss': 5.416521, 'disc_expert_loss': 0.005459, 'disc_loss': 0.032396, 'disc_train_loss': 0.005762, 'disc_wgan_gp_loss': 0.002118, 'fb_diag': -291.47876, 'fb_loss': -11169.716797, 'fb_offdiag': 1319.785645, 'mean_aux_reward': -0.713804, 'mean_disc_reward': -5.93011, 'mean_next_Q': -229.175262, 'mean_next_auxQ': -41.357426, 'orth_loss': -121.980583, 'orth_loss_diag': -255.999969, 'orth_loss_offdiag': 134.018784, 'q_loss': 0.0, 'target_M': 47.968796, 'target_Q': -231.018768, 'target_auxQ': -41.613991, 'unc_Q': 1.014716, 'unc_auxQ': 0.755095, 'z_norm': 15.99999, 'duration [minutes]': 64.52732921044031, 'FPS': 406.694491812423}
{'B': 0.001541, 'B_norm': 16.0, 'F1': 0.084045, 'M1': 48.334972, 'Q1': -257.427307, 'Q_aux': -47.127064, 'Q_discriminator': -257.393372, 'Q_fb': 566.763428, 'actor_loss': 7553.312012, 'auxQ1': -46.510902, 'aux_critic_loss': 2.450749, 'aux_rew/limits_dof_pos': 0.238944, 'aux_rew/limits_torque': 16.88876, 'aux_rew/penalty_action_rate': 46.923847, 'aux_rew/penalty_ankle_roll': 0.057953, 'aux_rew/penalty_feet_ori': 0.948485, 'aux_rew/penalty_slippage': 0.614935, 'aux_rew/penalty_torques': 8567.535156, 'aux_rew/penalty_undesired_contact': 0.93464, 'critic_loss': 4.872991, 'disc_expert_loss': 0.005129, 'disc_loss': 0.028933, 'disc_train_loss': 0.00539, 'disc_wgan_gp_loss': 0.001841, 'fb_diag': -299.308777, 'fb_loss': -11366.178711, 'fb_offdiag': 1415.454468, 'mean_aux_reward': -0.944071, 'mean_disc_reward': -6.060117, 'mean_next_Q': -256.006927, 'mean_next_auxQ': -46.11216, 'orth_loss': -124.823135, 'orth_loss_diag': -255.999969, 'orth_loss_offdiag': 131.176361, 'q_loss': 0.0, 'target_M': 48.295605, 'target_Q': -257.428131, 'target_auxQ': -46.511337, 'unc_Q': 0.983202, 'unc_auxQ': 0.770363, 'z_norm': 15.999986, 'duration [minutes]': 80.18236572345099, 'FPS': 408.87817024908526}
{'B': 0.001044, 'B_norm': 16.0, 'F1': 0.011173, 'M1': 50.928951, 'Q1': -277.048767, 'Q_aux': -54.391022, 'Q_discriminator': -277.041931, 'Q_fb': 592.241333, 'actor_loss': 8604.228516, 'auxQ1': -53.803638, 'aux_critic_loss': 3.044403, 'aux_rew/limits_dof_pos': 0.216866, 'aux_rew/limits_torque': 16.619122, 'aux_rew/penalty_action_rate': 31.453403, 'aux_rew/penalty_ankle_roll': 0.057414, 'aux_rew/penalty_feet_ori': 0.973417, 'aux_rew/penalty_slippage': 0.455134, 'aux_rew/penalty_torques': 8490.443359, 'aux_rew/penalty_undesired_contact': 0.951534, 'critic_loss': 5.527758, 'disc_expert_loss': 0.004006, 'disc_loss': 0.023776, 'disc_train_loss': 0.00418, 'disc_wgan_gp_loss': 0.001559, 'fb_diag': -302.781006, 'fb_loss': -11400.120117, 'fb_offdiag': 1496.475708, 'mean_aux_reward': -1.051632, 'mean_disc_reward': -6.224478, 'mean_next_Q': -275.881989, 'mean_next_auxQ': -53.424129, 'orth_loss': -125.937958, 'orth_loss_diag': -255.999969, 'orth_loss_offdiag': 130.061493, 'q_loss': 0.0, 'target_M': 50.918808, 'target_Q': -277.050079, 'target_auxQ': -53.804317, 'unc_Q': 0.940762, 'unc_auxQ': 0.810102, 'z_norm': 15.999996, 'duration [minutes]': 95.82702463467916, 'FPS': 409.149203765822}
{'B': 0.000352, 'B_norm': 16.0, 'F1': 0.093245, 'M1': 52.49276, 'Q1': -289.239502, 'Q_aux': -61.289265, 'Q_discriminator': -289.266235, 'Q_fb': 614.848633, 'actor_loss': 9424.512695, 'auxQ1': -60.680389, 'aux_critic_loss': 2.893641, 'aux_rew/limits_dof_pos': 0.199178, 'aux_rew/limits_torque': 16.380938, 'aux_rew/penalty_action_rate': 26.540659, 'aux_rew/penalty_ankle_roll': 0.056806, 'aux_rew/penalty_feet_ori': 0.918658, 'aux_rew/penalty_slippage': 0.423782, 'aux_rew/penalty_torques': 8400.834961, 'aux_rew/penalty_undesired_contact': 0.942788, 'critic_loss': 5.233776, 'disc_expert_loss': 0.004122, 'disc_loss': 0.022377, 'disc_train_loss': 0.004304, 'disc_wgan_gp_loss': 0.001395, 'fb_diag': -308.585083, 'fb_loss': -11320.258789, 'fb_offdiag': 1569.574463, 'mean_aux_reward': -1.128579, 'mean_disc_reward': -6.275566, 'mean_next_Q': -288.266754, 'mean_next_auxQ': -60.353203, 'orth_loss': -125.812454, 'orth_loss_diag': -255.999969, 'orth_loss_offdiag': 130.187042, 'q_loss': 0.0, 'target_M': 52.497459, 'target_Q': -289.240051, 'target_auxQ': -60.680859, 'unc_Q': 0.944192, 'unc_auxQ': 0.828664, 'z_norm': 15.999993, 'duration [minutes]': 111.4784639040629, 'FPS': 408.9714366871813}
{'B': 0.000465, 'B_norm': 16.0, 'F1': 0.190422, 'M1': 53.837383, 'Q1': -300.405212, 'Q_aux': -68.497612, 'Q_discriminator': -300.473297, 'Q_fb': 623.544556, 'actor_loss': 10036.0625, 'auxQ1': -67.837372, 'aux_critic_loss': 2.998265, 'aux_rew/limits_dof_pos': 0.189935, 'aux_rew/limits_torque': 16.12146, 'aux_rew/penalty_action_rate': 20.952225, 'aux_rew/penalty_ankle_roll': 0.056116, 'aux_rew/penalty_feet_ori': 0.927625, 'aux_rew/penalty_slippage': 0.382468, 'aux_rew/penalty_torques': 8303.922852, 'aux_rew/penalty_undesired_contact': 0.944374, 'critic_loss': 5.447989, 'disc_expert_loss': 0.003512, 'disc_loss': 0.01897, 'disc_train_loss': 0.003663, 'disc_wgan_gp_loss': 0.001179, 'fb_diag': -312.906982, 'fb_loss': -11349.500977, 'fb_offdiag': 1583.072998, 'mean_aux_reward': -1.29182, 'mean_disc_reward': -6.444755, 'mean_next_Q': -299.494781, 'mean_next_auxQ': -67.473679, 'orth_loss': -126.196709, 'orth_loss_diag': -255.999969, 'orth_loss_offdiag': 129.802734, 'q_loss': 0.0, 'target_M': 53.858337, 'target_Q': -300.405914, 'target_auxQ': -67.837669, 'unc_Q': 0.929138, 'unc_auxQ': 0.86035, 'z_norm': 16.0, 'duration [minutes]': 127.12135672569275, 'FPS': 409.19533580822247}
{'B': 0.000141, 'B_norm': 16.0, 'F1': 0.150731, 'M1': 53.894157, 'Q1': -309.934875, 'Q_aux': -76.251282, 'Q_discriminator': -310.031982, 'Q_fb': 639.51355, 'actor_loss': 10736.041016, 'auxQ1': -75.573341, 'aux_critic_loss': 2.59544, 'aux_rew/limits_dof_pos': 0.172841, 'aux_rew/limits_torque': 15.920983, 'aux_rew/penalty_action_rate': 17.622746, 'aux_rew/penalty_ankle_roll': 0.055576, 'aux_rew/penalty_feet_ori': 0.896308, 'aux_rew/penalty_slippage': 0.380284, 'aux_rew/penalty_torques': 8227.625, 'aux_rew/penalty_undesired_contact': 0.930738, 'critic_loss': 4.703491, 'disc_expert_loss': 0.00352, 'disc_loss': 0.017826, 'disc_train_loss': 0.00368, 'disc_wgan_gp_loss': 0.001063, 'fb_diag': -321.753052, 'fb_loss': -11377.782227, 'fb_offdiag': 1534.32959, 'mean_aux_reward': -1.414596, 'mean_disc_reward': -6.502142, 'mean_next_Q': -309.143799, 'mean_next_auxQ': -75.214577, 'orth_loss': -125.903427, 'orth_loss_diag': -255.999969, 'orth_loss_offdiag': 130.0961, 'q_loss': 0.0, 'target_M': 53.901501, 'target_Q': -309.935486, 'target_auxQ': -75.57386, 'unc_Q': 0.96327, 'unc_auxQ': 0.916522, 'z_norm': 15.999997, 'duration [minutes]': 142.78026845057806, 'FPS': 408.77712967109807}
2026-07-29 01:59:49.830 | INFO     | humanoidverse.envs.legged_robot_motions.legged_robot_motions:_update_tasks_callback:127 - Resampling motion at step 7500
All motions already loaded!!! No need to resample.
{'B': -0.0001, 'B_norm': 16.0, 'F1': 0.095203, 'M1': 53.498672, 'Q1': -321.577179, 'Q_aux': -83.082939, 'Q_discriminator': -321.674469, 'Q_fb': 638.21106, 'actor_loss': 11271.366211, 'auxQ1': -82.425087, 'aux_critic_loss': 3.676201, 'aux_rew/limits_dof_pos': 0.168792, 'aux_rew/limits_torque': 15.771053, 'aux_rew/penalty_action_rate': 14.074686, 'aux_rew/penalty_ankle_roll': 0.054447, 'aux_rew/penalty_feet_ori': 0.904788, 'aux_rew/penalty_slippage': 0.328485, 'aux_rew/penalty_torques': 8167.854492, 'aux_rew/penalty_undesired_contact': 0.947294, 'critic_loss': 6.166698, 'disc_expert_loss': 0.002715, 'disc_loss': 0.014392, 'disc_train_loss': 0.002854, 'disc_wgan_gp_loss': 0.000882, 'fb_diag': -324.824493, 'fb_loss': -11389.361328, 'fb_offdiag': 1633.131836, 'mean_aux_reward': -1.559041, 'mean_disc_reward': -6.743608, 'mean_next_Q': -320.788605, 'mean_next_auxQ': -82.030975, 'orth_loss': -126.976776, 'orth_loss_diag': -255.999969, 'orth_loss_offdiag': 129.02272, 'q_loss': 0.0, 'target_M': 53.489433, 'target_Q': -321.577423, 'target_auxQ': -82.425438, 'unc_Q': 0.940825, 'unc_auxQ': 0.971381, 'z_norm': 15.999994, 'duration [minutes]': 158.42915302912394, 'FPS': 409.0383549372803}
{'B': -1.2e-05, 'B_norm': 16.0, 'F1': -0.007243, 'M1': 53.046562, 'Q1': -325.4216, 'Q_aux': -91.018288, 'Q_discriminator': -325.554749, 'Q_fb': 646.068726, 'actor_loss': 11706.273438, 'auxQ1': -90.324699, 'aux_critic_loss': 4.254086, 'aux_rew/limits_dof_pos': 0.158619, 'aux_rew/limits_torque': 15.607981, 'aux_rew/penalty_action_rate': 13.821643, 'aux_rew/penalty_ankle_roll': 0.054249, 'aux_rew/penalty_feet_ori': 0.870291, 'aux_rew/penalty_slippage': 0.364551, 'aux_rew/penalty_torques': 8099.48584, 'aux_rew/penalty_undesired_contact': 0.91877, 'critic_loss': 6.614656, 'disc_expert_loss': 0.003398, 'disc_loss': 0.015376, 'disc_train_loss': 0.003553, 'disc_wgan_gp_loss': 0.000843, 'fb_diag': -329.855011, 'fb_loss': -11168.511719, 'fb_offdiag': 1710.607422, 'mean_aux_reward': -1.579621, 'mean_disc_reward': -6.625415, 'mean_next_Q': -324.797699, 'mean_next_auxQ': -90.034966, 'orth_loss': -125.492401, 'orth_loss_diag': -255.999969, 'orth_loss_offdiag': 130.507111, 'q_loss': 0.0, 'target_M': 53.023056, 'target_Q': -325.422302, 'target_auxQ': -90.324821, 'unc_Q': 1.008537, 'unc_auxQ': 1.043004, 'z_norm': 15.999987, 'duration [minutes]': 174.116939552625, 'FPS': 408.02416190843053}
{'B': -9.2e-05, 'B_norm': 16.0, 'F1': -0.057787, 'M1': 53.78738, 'Q1': -331.064148, 'Q_aux': -97.24456, 'Q_discriminator': -331.210754, 'Q_fb': 633.191345, 'actor_loss': 11833.71582, 'auxQ1': -96.520638, 'aux_critic_loss': 4.963858, 'aux_rew/limits_dof_pos': 0.151891, 'aux_rew/limits_torque': 15.449446, 'aux_rew/penalty_action_rate': 11.655601, 'aux_rew/penalty_ankle_roll': 0.052731, 'aux_rew/penalty_feet_ori': 0.873869, 'aux_rew/penalty_slippage': 0.329245, 'aux_rew/penalty_torques': 8040.428711, 'aux_rew/penalty_undesired_contact': 0.925149, 'critic_loss': 6.425391, 'disc_expert_loss': 0.002963, 'disc_loss': 0.013375, 'disc_train_loss': 0.003094, 'disc_wgan_gp_loss': 0.000732, 'fb_diag': -333.644318, 'fb_loss': -11281.40918, 'fb_offdiag': 1654.441284, 'mean_aux_reward': -1.710848, 'mean_disc_reward': -6.784461, 'mean_next_Q': -330.408478, 'mean_next_auxQ': -96.199402, 'orth_loss': -126.022179, 'orth_loss_diag': -255.999969, 'orth_loss_offdiag': 129.977325, 'q_loss': 0.0, 'target_M': 53.77166, 'target_Q': -331.064301, 'target_auxQ': -96.521019, 'unc_Q': 0.979628, 'unc_auxQ': 1.091548, 'z_norm': 15.999989, 'duration [minutes]': 189.80821402470272, 'FPS': 407.937400298897}
{'B': -0.000573, 'B_norm': 16.0, 'F1': -0.07188, 'M1': 53.483521, 'Q1': -334.978271, 'Q_aux': -102.745735, 'Q_discriminator': -335.131195, 'Q_fb': 638.775513, 'actor_loss': 12151.591797, 'auxQ1': -101.967354, 'aux_critic_loss': 4.498457, 'aux_rew/limits_dof_pos': 0.135216, 'aux_rew/limits_torque': 15.264649, 'aux_rew/penalty_action_rate': 11.417081, 'aux_rew/penalty_ankle_roll': 0.052392, 'aux_rew/penalty_feet_ori': 0.821941, 'aux_rew/penalty_slippage': 0.343359, 'aux_rew/penalty_torques': 7975.086426, 'aux_rew/penalty_undesired_contact': 0.904768, 'critic_loss': 5.752265, 'disc_expert_loss': 0.003213, 'disc_loss': 0.013226, 'disc_train_loss': 0.003348, 'disc_wgan_gp_loss': 0.000667, 'fb_diag': -341.086731, 'fb_loss': -11314.830078, 'fb_offdiag': 1582.034302, 'mean_aux_reward': -1.721986, 'mean_disc_reward': -6.785696, 'mean_next_Q': -334.373291, 'mean_next_auxQ': -101.708839, 'orth_loss': -125.557495, 'orth_loss_diag': -255.999969, 'orth_loss_offdiag': 130.441925, 'q_loss': 0.0, 'target_M': 53.451012, 'target_Q': -334.977539, 'target_auxQ': -101.967735, 'unc_Q': 1.033406, 'unc_auxQ': 1.165526, 'z_norm': 15.999993, 'duration [minutes]': 206.0128020922343, 'FPS': 395.01390133573835}
{'B': -0.000184, 'B_norm': 16.0, 'F1': -0.037713, 'M1': 53.300911, 'Q1': -341.355774, 'Q_aux': -107.600113, 'Q_discriminator': -341.495026, 'Q_fb': 637.428223, 'actor_loss': 12457.851562, 'auxQ1': -106.775215, 'aux_critic_loss': 4.783993, 'aux_rew/limits_dof_pos': 0.131679, 'aux_rew/limits_torque': 15.217177, 'aux_rew/penalty_action_rate': 10.420823, 'aux_rew/penalty_ankle_roll': 0.053095, 'aux_rew/penalty_feet_ori': 0.834343, 'aux_rew/penalty_slippage': 0.319026, 'aux_rew/penalty_torques': 7961.547363, 'aux_rew/penalty_undesired_contact': 0.911192, 'critic_loss': 5.192875, 'disc_expert_loss': 0.002756, 'disc_loss': 0.011235, 'disc_train_loss': 0.002877, 'disc_wgan_gp_loss': 0.00056, 'fb_diag': -348.422974, 'fb_loss': -11450.34668, 'fb_offdiag': 1577.516846, 'mean_aux_reward': -1.850082, 'mean_disc_reward': -6.981046, 'mean_next_Q': -340.692139, 'mean_next_auxQ': -106.453506, 'orth_loss': -126.794647, 'orth_loss_diag': -256.0, 'orth_loss_offdiag': 129.20488, 'q_loss': 0.0, 'target_M': 53.256516, 'target_Q': -341.35672, 'target_auxQ': -106.775589, 'unc_Q': 1.014367, 'unc_auxQ': 1.227215, 'z_norm': 16.00001, 'duration [minutes]': 221.7414831161499, 'FPS': 406.9672931884835}
{'B': 6.7e-05, 'B_norm': 16.0, 'F1': -0.039474, 'M1': 53.831932, 'Q1': -346.363678, 'Q_aux': -112.887985, 'Q_discriminator': -346.510162, 'Q_fb': 652.572815, 'actor_loss': 12995.401367, 'auxQ1': -112.071495, 'aux_critic_loss': 5.877985, 'aux_rew/limits_dof_pos': 0.123875, 'aux_rew/limits_torque': 15.093946, 'aux_rew/penalty_action_rate': 10.783059, 'aux_rew/penalty_ankle_roll': 0.053539, 'aux_rew/penalty_feet_ori': 0.818377, 'aux_rew/penalty_slippage': 0.331761, 'aux_rew/penalty_torques': 7916.370117, 'aux_rew/penalty_undesired_contact': 0.894874, 'critic_loss': 6.826118, 'disc_expert_loss': 0.002853, 'disc_loss': 0.010836, 'disc_train_loss': 0.00297, 'disc_wgan_gp_loss': 0.000501, 'fb_diag': -348.719421, 'fb_loss': -11275.723633, 'fb_offdiag': 1691.094849, 'mean_aux_reward': -1.838932, 'mean_disc_reward': -7.024665, 'mean_next_Q': -345.72995, 'mean_next_auxQ': -111.83448, 'orth_loss': -126.181091, 'orth_loss_diag': -255.999969, 'orth_loss_offdiag': 129.818497, 'q_loss': 0.0, 'target_M': 53.798477, 'target_Q': -346.364563, 'target_auxQ': -112.071594, 'unc_Q': 1.071521, 'unc_auxQ': 1.296268, 'z_norm': 16.0, 'duration [minutes]': 237.48723351955414, 'FPS': 406.52205203168376}
{'B': 0.000332, 'B_norm': 16.0, 'F1': -0.010195, 'M1': 54.788021, 'Q1': -352.680206, 'Q_aux': -115.742416, 'Q_discriminator': -352.811371, 'Q_fb': 661.819641, 'actor_loss': 13435.720703, 'auxQ1': -114.904694, 'aux_critic_loss': 6.035924, 'aux_rew/limits_dof_pos': 0.119758, 'aux_rew/limits_torque': 14.993013, 'aux_rew/penalty_action_rate': 10.170383, 'aux_rew/penalty_ankle_roll': 0.05389, 'aux_rew/penalty_feet_ori': 0.828174, 'aux_rew/penalty_slippage': 0.313022, 'aux_rew/penalty_torques': 7882.192871, 'aux_rew/penalty_undesired_contact': 0.902121, 'critic_loss': 6.598242, 'disc_expert_loss': 0.002522, 'disc_loss': 0.009466, 'disc_train_loss': 0.002622, 'disc_wgan_gp_loss': 0.000432, 'fb_diag': -351.518066, 'fb_loss': -11323.231445, 'fb_offdiag': 1686.210938, 'mean_aux_reward': -1.898536, 'mean_disc_reward': -7.175544, 'mean_next_Q': -352.039734, 'mean_next_auxQ': -114.6632, 'orth_loss': -126.579353, 'orth_loss_diag': -255.999969, 'orth_loss_offdiag': 129.420059, 'q_loss': 0.0, 'target_M': 54.769791, 'target_Q': -352.680908, 'target_auxQ': -114.905174, 'unc_Q': 1.033324, 'unc_auxQ': 1.299174, 'z_norm': 16.000006, 'duration [minutes]': 253.32011231184006, 'FPS': 404.2855931060625}
{'B': 0.000552, 'B_norm': 16.0, 'F1': 0.074086, 'M1': 54.719612, 'Q1': -356.048126, 'Q_aux': -117.860489, 'Q_discriminator': -356.183044, 'Q_fb': 681.988708, 'actor_loss': 13955.011719, 'auxQ1': -117.001511, 'aux_critic_loss': 5.371917, 'aux_rew/limits_dof_pos': 0.114397, 'aux_rew/limits_torque': 14.860289, 'aux_rew/penalty_action_rate': 10.638285, 'aux_rew/penalty_ankle_roll': 0.053792, 'aux_rew/penalty_feet_ori': 0.809963, 'aux_rew/penalty_slippage': 0.325165, 'aux_rew/penalty_torques': 7829.008789, 'aux_rew/penalty_undesired_contact': 0.883002, 'critic_loss': 5.372847, 'disc_expert_loss': 0.00266, 'disc_loss': 0.009348, 'disc_train_loss': 0.002775, 'disc_wgan_gp_loss': 0.000391, 'fb_diag': -359.660614, 'fb_loss': -11373.568359, 'fb_offdiag': 1609.617798, 'mean_aux_reward': -1.844169, 'mean_disc_reward': -7.186954, 'mean_next_Q': -355.453461, 'mean_next_auxQ': -116.839279, 'orth_loss': -126.235512, 'orth_loss_diag': -255.999969, 'orth_loss_offdiag': 129.763901, 'q_loss': 0.0, 'target_M': 54.693222, 'target_Q': -356.047821, 'target_auxQ': -117.001968, 'unc_Q': 1.054683, 'unc_auxQ': 1.33681, 'z_norm': 16.000002, 'duration [minutes]': 269.04335405826566, 'FPS': 407.1064421889014}
{'B': 0.000484, 'B_norm': 16.0, 'F1': 0.10332, 'M1': 54.485821, 'Q1': -362.001617, 'Q_aux': -119.163666, 'Q_discriminator': -362.147552, 'Q_fb': 706.724854, 'actor_loss': 14658.514648, 'auxQ1': -118.29187, 'aux_critic_loss': 6.460587, 'aux_rew/limits_dof_pos': 0.11263, 'aux_rew/limits_torque': 14.784166, 'aux_rew/penalty_action_rate': 10.206219, 'aux_rew/penalty_ankle_roll': 0.054308, 'aux_rew/penalty_feet_ori': 0.82152, 'aux_rew/penalty_slippage': 0.307665, 'aux_rew/penalty_torques': 7799.573242, 'aux_rew/penalty_undesired_contact': 0.894315, 'critic_loss': 6.543501, 'disc_expert_loss': 0.002318, 'disc_loss': 0.00817, 'disc_train_loss': 0.002415, 'disc_wgan_gp_loss': 0.000344, 'fb_diag': -358.331879, 'fb_loss': -11273.267578, 'fb_offdiag': 1730.825806, 'mean_aux_reward': -1.870612, 'mean_disc_reward': -7.33642, 'mean_next_Q': -361.384491, 'mean_next_auxQ': -118.125259, 'orth_loss': -126.457375, 'orth_loss_diag': -255.999969, 'orth_loss_offdiag': 129.542068, 'q_loss': 0.0, 'target_M': 54.452599, 'target_Q': -362.002716, 'target_auxQ': -118.292252, 'unc_Q': 1.037983, 'unc_auxQ': 1.344561, 'z_norm': 16.000006, 'duration [minutes]': 284.6926451047262, 'FPS': 409.0339589401123}
{'B': 0.000463, 'B_norm': 16.0, 'F1': 0.085983, 'M1': 54.341469, 'Q1': -365.641632, 'Q_aux': -120.157196, 'Q_discriminator': -365.800842, 'Q_fb': 732.261353, 'actor_loss': 15274.350586, 'auxQ1': -119.28772, 'aux_critic_loss': 6.507476, 'aux_rew/limits_dof_pos': 0.110269, 'aux_rew/limits_torque': 14.677506, 'aux_rew/penalty_action_rate': 10.945569, 'aux_rew/penalty_ankle_roll': 0.054699, 'aux_rew/penalty_feet_ori': 0.812046, 'aux_rew/penalty_slippage': 0.320937, 'aux_rew/penalty_torques': 7753.701172, 'aux_rew/penalty_undesired_contact': 0.884252, 'critic_loss': 6.901813, 'disc_expert_loss': 0.002336, 'disc_loss': 0.007923, 'disc_train_loss': 0.002429, 'disc_wgan_gp_loss': 0.000316, 'fb_diag': -360.318176, 'fb_loss': -11219.026367, 'fb_offdiag': 1759.636597, 'mean_aux_reward': -1.788668, 'mean_disc_reward': -7.354682, 'mean_next_Q': -365.067047, 'mean_next_auxQ': -119.217079, 'orth_loss': -126.183372, 'orth_loss_diag': -255.999969, 'orth_loss_offdiag': 129.815964, 'q_loss': 0.0, 'target_M': 54.303146, 'target_Q': -365.64209, 'target_auxQ': -119.287521, 'unc_Q': 1.064767, 'unc_auxQ': 1.359132, 'z_norm': 16.000006, 'duration [minutes]': 300.3468657970428, 'FPS': 408.8993763085248}
2026-07-29 04:37:23.834 | INFO     | humanoidverse.envs.legged_robot_motions.legged_robot_motions:_update_tasks_callback:127 - Resampling motion at step 15000
All motions already loaded!!! No need to resample.
{'B': 0.000329, 'B_norm': 16.0, 'F1': 0.05413, 'M1': 54.904137, 'Q1': -373.321503, 'Q_aux': -120.83783, 'Q_discriminator': -373.457733, 'Q_fb': 745.338074, 'actor_loss': 15852.405273, 'auxQ1': -119.966072, 'aux_critic_loss': 7.905006, 'aux_rew/limits_dof_pos': 0.112145, 'aux_rew/limits_torque': 14.648066, 'aux_rew/penalty_action_rate': 9.854446, 'aux_rew/penalty_ankle_roll': 0.054906, 'aux_rew/penalty_feet_ori': 0.851123, 'aux_rew/penalty_slippage': 0.285626, 'aux_rew/penalty_torques': 7745.227539, 'aux_rew/penalty_undesired_contact': 0.909522, 'critic_loss': 6.979478, 'disc_expert_loss': 0.001871, 'disc_loss': 0.00657, 'disc_train_loss': 0.001953, 'disc_wgan_gp_loss': 0.000275, 'fb_diag': -361.402069, 'fb_loss': -11230.572266, 'fb_offdiag': 1827.51062, 'mean_aux_reward': -1.885295, 'mean_disc_reward': -7.590227, 'mean_next_Q': -372.686401, 'mean_next_auxQ': -119.816589, 'orth_loss': -126.966698, 'orth_loss_diag': -255.999969, 'orth_loss_offdiag': 129.032776, 'q_loss': 0.0, 'target_M': 54.874657, 'target_Q': -373.321716, 'target_auxQ': -119.96627, 'unc_Q': 1.018419, 'unc_auxQ': 1.348671, 'z_norm': 15.999997, 'duration [minutes]': 315.9916139562925, 'FPS': 409.1462055025574}
{'B': 0.000421, 'B_norm': 16.0, 'F1': 0.14154, 'M1': 54.296734, 'Q1': -373.961487, 'Q_aux': -121.606094, 'Q_discriminator': -374.065491, 'Q_fb': 752.027893, 'actor_loss': 15998.1875, 'auxQ1': -120.704895, 'aux_critic_loss': 6.243852, 'aux_rew/limits_dof_pos': 0.109245, 'aux_rew/limits_torque': 14.60089, 'aux_rew/penalty_action_rate': 11.463083, 'aux_rew/penalty_ankle_roll': 0.05522, 'aux_rew/penalty_feet_ori': 0.826778, 'aux_rew/penalty_slippage': 0.328555, 'aux_rew/penalty_torques': 7721.678711, 'aux_rew/penalty_undesired_contact': 0.880484, 'critic_loss': 5.916841, 'disc_expert_loss': 0.002184, 'disc_loss': 0.00714, 'disc_train_loss': 0.002267, 'disc_wgan_gp_loss': 0.000269, 'fb_diag': -366.454987, 'fb_loss': -11205.756836, 'fb_offdiag': 1738.417114, 'mean_aux_reward': -1.698722, 'mean_disc_reward': -7.480068, 'mean_next_Q': -373.411713, 'mean_next_auxQ': -120.733185, 'orth_loss': -125.777008, 'orth_loss_diag': -255.999969, 'orth_loss_offdiag': 130.222488, 'q_loss': 0.0, 'target_M': 54.248802, 'target_Q': -373.960663, 'target_auxQ': -120.704575, 'unc_Q': 1.094947, 'unc_auxQ': 1.40308, 'z_norm': 16.000006, 'duration [minutes]': 331.64246176083884, 'FPS': 408.98787615332753}
{'B': 0.000346, 'B_norm': 16.0, 'F1': 0.146347, 'M1': 54.930611, 'Q1': -377.309174, 'Q_aux': -120.340637, 'Q_discriminator': -377.425629, 'Q_fb': 759.968567, 'actor_loss': 16259.56543, 'auxQ1': -119.469238, 'aux_critic_loss': 7.364883, 'aux_rew/limits_dof_pos': 0.111555, 'aux_rew/limits_torque': 14.563283, 'aux_rew/penalty_action_rate': 10.998582, 'aux_rew/penalty_ankle_roll': 0.05498, 'aux_rew/penalty_feet_ori': 0.840514, 'aux_rew/penalty_slippage': 0.306467, 'aux_rew/penalty_torques': 7705.543457, 'aux_rew/penalty_undesired_contact': 0.891791, 'critic_loss': 7.31265, 'disc_expert_loss': 0.001982, 'disc_loss': 0.006527, 'disc_train_loss': 0.002059, 'disc_wgan_gp_loss': 0.000249, 'fb_diag': -362.222412, 'fb_loss': -11153.086914, 'fb_offdiag': 1811.667847, 'mean_aux_reward': -1.77161, 'mean_disc_reward': -7.612106, 'mean_next_Q': -376.707733, 'mean_next_auxQ': -119.416939, 'orth_loss': -126.025208, 'orth_loss_diag': -255.999969, 'orth_loss_offdiag': 129.974335, 'q_loss': 0.0, 'target_M': 54.897873, 'target_Q': -377.309113, 'target_auxQ': -119.469353, 'unc_Q': 1.067803, 'unc_auxQ': 1.365915, 'z_norm': 15.999997, 'duration [minutes]': 347.2821219563484, 'FPS': 409.27972146471035}
{'B': 0.000452, 'B_norm': 16.0, 'F1': 0.184643, 'M1': 54.975376, 'Q1': -377.949829, 'Q_aux': -119.531967, 'Q_discriminator': -378.062866, 'Q_fb': 773.356812, 'actor_loss': 16507.75, 'auxQ1': -118.654846, 'aux_critic_loss': 7.533608, 'aux_rew/limits_dof_pos': 0.108853, 'aux_rew/limits_torque': 14.500976, 'aux_rew/penalty_action_rate': 12.115806, 'aux_rew/penalty_ankle_roll': 0.054717, 'aux_rew/penalty_feet_ori': 0.829434, 'aux_rew/penalty_slippage': 0.332058, 'aux_rew/penalty_torques': 7677.188477, 'aux_rew/penalty_undesired_contact': 0.869026, 'critic_loss': 7.815391, 'disc_expert_loss': 0.002203, 'disc_loss': 0.006942, 'disc_train_loss': 0.002273, 'disc_wgan_gp_loss': 0.000247, 'fb_diag': -361.542236, 'fb_loss': -11064.269531, 'fb_offdiag': 1844.686035, 'mean_aux_reward': -1.672109, 'mean_disc_reward': -7.544865, 'mean_next_Q': -377.406982, 'mean_next_auxQ': -118.675148, 'orth_loss': -125.473999, 'orth_loss_diag': -255.999969, 'orth_loss_offdiag': 130.525406, 'q_loss': 0.0, 'target_M': 54.943108, 'target_Q': -377.94986, 'target_auxQ': -118.654762, 'unc_Q': 1.114959, 'unc_auxQ': 1.390279, 'z_norm': 15.99999, 'duration [minutes]': 362.93239202102023, 'FPS': 409.0039974560366}
{'B': 0.000403, 'B_norm': 16.0, 'F1': 0.094539, 'M1': 54.771175, 'Q1': -381.362549, 'Q_aux': -118.3741, 'Q_discriminator': -381.472839, 'Q_fb': 794.988647, 'actor_loss': 17080.636719, 'auxQ1': -117.515846, 'aux_critic_loss': 5.313385, 'aux_rew/limits_dof_pos': 0.110145, 'aux_rew/limits_torque': 14.507644, 'aux_rew/penalty_action_rate': 11.358396, 'aux_rew/penalty_ankle_roll': 0.054556, 'aux_rew/penalty_feet_ori': 0.863218, 'aux_rew/penalty_slippage': 0.312038, 'aux_rew/penalty_torques': 7677.441406, 'aux_rew/penalty_undesired_contact': 0.879855, 'critic_loss': 5.288236, 'disc_expert_loss': 0.002025, 'disc_loss': 0.006377, 'disc_train_loss': 0.002095, 'disc_wgan_gp_loss': 0.000226, 'fb_diag': -370.408539, 'fb_loss': -11324.162109, 'fb_offdiag': 1718.169922, 'mean_aux_reward': -1.785619, 'mean_disc_reward': -7.669954, 'mean_next_Q': -380.788452, 'mean_next_auxQ': -117.418793, 'orth_loss': -126.719208, 'orth_loss_diag': -255.999969, 'orth_loss_offdiag': 129.280304, 'q_loss': 0.0, 'target_M': 54.726845, 'target_Q': -381.36203, 'target_auxQ': -117.5158, 'unc_Q': 1.060071, 'unc_auxQ': 1.346161, 'z_norm': 15.999993, 'duration [minutes]': 378.5754429300626, 'FPS': 409.1944655529986}
Checkpointing at time 9600000
Starting evaluation at time 9600000
/home/wzk/BFM-Zero/humanoidverse/agents/evaluations/humanoidverse_isaac.py:495: UserWarning: To copy construct from a tensor, it is recommended to use sourceTensor.detach().clone() or sourceTensor.detach().clone().requires_grad_(True), rather than torch.tensor(sourceTensor).
  tracking_target = torch.tensor(ep["tracking_target"]["state"][:, :pose_dim], dtype=torch.float32)
All motions already loaded!!! No need to resample.
All motions already loaded!!! No need to resample.
{'B': 0.000251, 'B_norm': 16.0, 'F1': 0.057872, 'M1': 54.733532, 'Q1': -383.116211, 'Q_aux': -118.36734, 'Q_discriminator': -383.250946, 'Q_fb': 824.538635, 'actor_loss': 17762.228516, 'auxQ1': -117.520294, 'aux_critic_loss': 6.367139, 'aux_rew/limits_dof_pos': 0.106785, 'aux_rew/limits_torque': 14.436004, 'aux_rew/penalty_action_rate': 11.844252, 'aux_rew/penalty_ankle_roll': 0.054985, 'aux_rew/penalty_feet_ori': 0.841976, 'aux_rew/penalty_slippage': 0.320556, 'aux_rew/penalty_torques': 7643.536621, 'aux_rew/penalty_undesired_contact': 0.867549, 'critic_loss': 7.486068, 'disc_expert_loss': 0.002112, 'disc_loss': 0.006491, 'disc_train_loss': 0.002184, 'disc_wgan_gp_loss': 0.00022, 'fb_diag': -369.149567, 'fb_loss': -11152.578125, 'fb_offdiag': 1833.245483, 'mean_aux_reward': -1.742184, 'mean_disc_reward': -7.653641, 'mean_next_Q': -382.581207, 'mean_next_auxQ': -117.456345, 'orth_loss': -126.166771, 'orth_loss_diag': -255.999969, 'orth_loss_offdiag': 129.832642, 'q_loss': 0.0, 'target_M': 54.69022, 'target_Q': -383.115997, 'target_auxQ': -117.520386, 'unc_Q': 1.086492, 'unc_auxQ': 1.369676, 'z_norm': 15.999984, 'duration [minutes]': 395.1323382457097, 'FPS': 386.6028933247441}
{'B': 0.000103, 'B_norm': 16.0, 'F1': 0.013375, 'M1': 54.651245, 'Q1': -385.547424, 'Q_aux': -114.948509, 'Q_discriminator': -385.66629, 'Q_fb': 851.010498, 'actor_loss': 18295.904297, 'auxQ1': -114.088676, 'aux_critic_loss': 6.674429, 'aux_rew/limits_dof_pos': 0.103313, 'aux_rew/limits_torque': 14.402901, 'aux_rew/penalty_action_rate': 12.651612, 'aux_rew/penalty_ankle_roll': 0.056401, 'aux_rew/penalty_feet_ori': 0.820998, 'aux_rew/penalty_slippage': 0.337515, 'aux_rew/penalty_torques': 7627.529785, 'aux_rew/penalty_undesired_contact': 0.860515, 'critic_loss': 7.79584, 'disc_expert_loss': 0.002359, 'disc_loss': 0.007132, 'disc_train_loss': 0.002524, 'disc_wgan_gp_loss': 0.000225, 'fb_diag': -368.160126, 'fb_loss': -11095.648438, 'fb_offdiag': 1902.450195, 'mean_aux_reward': -1.56852, 'mean_disc_reward': -7.67343, 'mean_next_Q': -385.0354, 'mean_next_auxQ': -114.134842, 'orth_loss': -126.299736, 'orth_loss_diag': -255.999969, 'orth_loss_offdiag': 129.699768, 'q_loss': 0.0, 'target_M': 54.606022, 'target_Q': -385.547211, 'target_auxQ': -114.088554, 'unc_Q': 1.10028, 'unc_auxQ': 1.363129, 'z_norm': 15.999987, 'duration [minutes]': 410.76897286574047, 'FPS': 409.36012514403524}
{'B': 1.7e-05, 'B_norm': 16.0, 'F1': -0.087542, 'M1': 55.080112, 'Q1': -389.205963, 'Q_aux': -113.827721, 'Q_discriminator': -389.318359, 'Q_fb': 867.164795, 'actor_loss': 18771.912109, 'auxQ1': -112.978981, 'aux_critic_loss': 5.126332, 'aux_rew/limits_dof_pos': 0.101671, 'aux_rew/limits_torque': 14.385298, 'aux_rew/penalty_action_rate': 11.579565, 'aux_rew/penalty_ankle_roll': 0.056359, 'aux_rew/penalty_feet_ori': 0.828814, 'aux_rew/penalty_slippage': 0.322484, 'aux_rew/penalty_torques': 7623.920898, 'aux_rew/penalty_undesired_contact': 0.873883, 'critic_loss': 5.714564, 'disc_expert_loss': 0.002063, 'disc_loss': 0.006277, 'disc_train_loss': 0.002167, 'disc_wgan_gp_loss': 0.000205, 'fb_diag': -375.377716, 'fb_loss': -11276.711914, 'fb_offdiag': 1769.740967, 'mean_aux_reward': -1.703871, 'mean_disc_reward': -7.787284, 'mean_next_Q': -388.663544, 'mean_next_auxQ': -112.874809, 'orth_loss': -126.710823, 'orth_loss_diag': -255.999969, 'orth_loss_offdiag': 129.288544, 'q_loss': 0.0, 'target_M': 55.037426, 'target_Q': -389.20636, 'target_auxQ': -112.978951, 'unc_Q': 1.078656, 'unc_auxQ': 1.342386, 'z_norm': 15.999993, 'duration [minutes]': 426.5577174425125, 'FPS': 405.41521940868597}
{'B': 3e-06, 'B_norm': 16.0, 'F1': -0.07448, 'M1': 55.318604, 'Q1': -390.806091, 'Q_aux': -113.485435, 'Q_discriminator': -390.913574, 'Q_fb': 876.050598, 'actor_loss': 19046.412109, 'auxQ1': -112.623772, 'aux_critic_loss': 6.414465, 'aux_rew/limits_dof_pos': 0.097423, 'aux_rew/limits_torque': 14.285442, 'aux_rew/penalty_action_rate': 11.993124, 'aux_rew/penalty_ankle_roll': 0.056001, 'aux_rew/penalty_feet_ori': 0.792843, 'aux_rew/penalty_slippage': 0.333154, 'aux_rew/penalty_torques': 7586.84082, 'aux_rew/penalty_undesired_contact': 0.866277, 'critic_loss': 7.471591, 'disc_expert_loss': 0.002123, 'disc_loss': 0.006363, 'disc_train_loss': 0.002225, 'disc_wgan_gp_loss': 0.000201, 'fb_diag': -373.715332, 'fb_loss': -11141.199219, 'fb_offdiag': 1859.2771, 'mean_aux_reward': -1.63822, 'mean_disc_reward': -7.776412, 'mean_next_Q': -390.291046, 'mean_next_auxQ': -112.56852, 'orth_loss': -126.267654, 'orth_loss_diag': -255.999969, 'orth_loss_offdiag': 129.731812, 'q_loss': 0.0, 'target_M': 55.281792, 'target_Q': -390.80658, 'target_auxQ': -112.62381, 'unc_Q': 1.111396, 'unc_auxQ': 1.363554, 'z_norm': 16.000006, 'duration [minutes]': 442.73808016777036, 'FPS': 395.61311208502013}
2026-07-29 07:05:04.649 | INFO     | humanoidverse.envs.legged_robot_motions.legged_robot_motions:_update_tasks_callback:127 - Resampling motion at step 22500
All motions already loaded!!! No need to resample.
{'B': 0.000338, 'B_norm': 16.0, 'F1': -0.039318, 'M1': 55.547871, 'Q1': -393.439026, 'Q_aux': -112.819138, 'Q_discriminator': -393.540985, 'Q_fb': 888.255676, 'actor_loss': 19422.201172, 'auxQ1': -111.946999, 'aux_critic_loss': 7.309213, 'aux_rew/limits_dof_pos': 0.096711, 'aux_rew/limits_torque': 14.230793, 'aux_rew/penalty_action_rate': 11.576482, 'aux_rew/penalty_ankle_roll': 0.05534, 'aux_rew/penalty_feet_ori': 0.787307, 'aux_rew/penalty_slippage': 0.320013, 'aux_rew/penalty_torques': 7567.299805, 'aux_rew/penalty_undesired_contact': 0.871773, 'critic_loss': 8.150867, 'disc_expert_loss': 0.002003, 'disc_loss': 0.006027, 'disc_train_loss': 0.002097, 'disc_wgan_gp_loss': 0.000193, 'fb_diag': -373.787659, 'fb_loss': -11122.28125, 'fb_offdiag': 1897.956299, 'mean_aux_reward': -1.646573, 'mean_disc_reward': -7.871279, 'mean_next_Q': -392.887238, 'mean_next_auxQ': -111.86245, 'orth_loss': -126.464874, 'orth_loss_diag': -255.999969, 'orth_loss_offdiag': 129.534576, 'q_loss': 0.0, 'target_M': 55.515068, 'target_Q': -393.438446, 'target_auxQ': -111.946922, 'unc_Q': 1.096785, 'unc_auxQ': 1.378331, 'z_norm': 15.999994, 'duration [minutes]': 458.4335453192393, 'FPS': 407.83777222913295}
{'B': 0.000668, 'B_norm': 16.0, 'F1': 0.005285, 'M1': 55.317566, 'Q1': -396.002533, 'Q_aux': -112.523346, 'Q_discriminator': -396.115509, 'Q_fb': 886.230896, 'actor_loss': 19527.939453, 'auxQ1': -111.693382, 'aux_critic_loss': 6.063503, 'aux_rew/limits_dof_pos': 0.095401, 'aux_rew/limits_torque': 14.145034, 'aux_rew/penalty_action_rate': 11.13005, 'aux_rew/penalty_ankle_roll': 0.053721, 'aux_rew/penalty_feet_ori': 0.800841, 'aux_rew/penalty_slippage': 0.305205, 'aux_rew/penalty_torques': 7536.549805, 'aux_rew/penalty_undesired_contact': 0.873894, 'critic_loss': 6.604739, 'disc_expert_loss': 0.001892, 'disc_loss': 0.005673, 'disc_train_loss': 0.001953, 'disc_wgan_gp_loss': 0.000183, 'fb_diag': -377.834747, 'fb_loss': -11203.605469, 'fb_offdiag': 1797.139771, 'mean_aux_reward': -1.695725, 'mean_disc_reward': -7.920943, 'mean_next_Q': -395.460571, 'mean_next_auxQ': -111.56311, 'orth_loss': -126.228676, 'orth_loss_diag': -255.999969, 'orth_loss_offdiag': 129.770737, 'q_loss': 0.0, 'target_M': 55.276386, 'target_Q': -396.002411, 'target_auxQ': -111.693596, 'unc_Q': 1.081241, 'unc_auxQ': 1.359354, 'z_norm': 15.999998, 'duration [minutes]': 474.1926698088646, 'FPS': 406.17879881263946}
{'B': 0.000795, 'B_norm': 16.0, 'F1': 0.071634, 'M1': 54.796661, 'Q1': -395.787537, 'Q_aux': -113.009537, 'Q_discriminator': -395.901337, 'Q_fb': 894.987976, 'actor_loss': 19705.044922, 'auxQ1': -112.164726, 'aux_critic_loss': 7.603942, 'aux_rew/limits_dof_pos': 0.093541, 'aux_rew/limits_torque': 14.060297, 'aux_rew/penalty_action_rate': 11.589434, 'aux_rew/penalty_ankle_roll': 0.054434, 'aux_rew/penalty_feet_ori': 0.779389, 'aux_rew/penalty_slippage': 0.317829, 'aux_rew/penalty_torques': 7501.428711, 'aux_rew/penalty_undesired_contact': 0.850527, 'critic_loss': 8.760974, 'disc_expert_loss': 0.002026, 'disc_loss': 0.005948, 'disc_train_loss': 0.002082, 'disc_wgan_gp_loss': 0.000184, 'fb_diag': -373.210907, 'fb_loss': -11042.420898, 'fb_offdiag': 1898.03479, 'mean_aux_reward': -1.644015, 'mean_disc_reward': -7.849885, 'mean_next_Q': -395.294037, 'mean_next_auxQ': -112.079376, 'orth_loss': -125.672089, 'orth_loss_diag': -255.999969, 'orth_loss_offdiag': 130.327316, 'q_loss': 0.0, 'target_M': 54.749058, 'target_Q': -395.787079, 'target_auxQ': -112.164772, 'unc_Q': 1.12032, 'unc_auxQ': 1.393345, 'z_norm': 15.999997, 'duration [minutes]': 490.04898919264474, 'FPS': 403.6892563113711}
{'B': 0.001101, 'B_norm': 16.0, 'F1': 0.041999, 'M1': 55.249084, 'Q1': -397.111633, 'Q_aux': -113.311569, 'Q_discriminator': -397.202209, 'Q_fb': 892.517639, 'actor_loss': 19766.400391, 'auxQ1': -112.475517, 'aux_critic_loss': 7.38342, 'aux_rew/limits_dof_pos': 0.093372, 'aux_rew/limits_torque': 14.047983, 'aux_rew/penalty_action_rate': 11.067043, 'aux_rew/penalty_ankle_roll': 0.054486, 'aux_rew/penalty_feet_ori': 0.795423, 'aux_rew/penalty_slippage': 0.300818, 'aux_rew/penalty_torques': 7497.105469, 'aux_rew/penalty_undesired_contact': 0.854596, 'critic_loss': 8.295535, 'disc_expert_loss': 0.001906, 'disc_loss': 0.005636, 'disc_train_loss': 0.001963, 'disc_wgan_gp_loss': 0.000177, 'fb_diag': -374.140076, 'fb_loss': -11081.334961, 'fb_offdiag': 1893.338501, 'mean_aux_reward': -1.685609, 'mean_disc_reward': -7.916236, 'mean_next_Q': -396.580566, 'mean_next_auxQ': -112.361198, 'orth_loss': -126.005089, 'orth_loss_diag': -255.999969, 'orth_loss_offdiag': 129.9944, 'q_loss': 0.0, 'target_M': 55.209644, 'target_Q': -397.111633, 'target_auxQ': -112.475563, 'unc_Q': 1.116058, 'unc_auxQ': 1.378986, 'z_norm': 15.999997, 'duration [minutes]': 505.80318984985354, 'FPS': 406.3045984278367}
{'B': 0.001339, 'B_norm': 16.0, 'F1': -0.0108, 'M1': 55.062996, 'Q1': -395.639465, 'Q_aux': -113.970009, 'Q_discriminator': -395.729492, 'Q_fb': 896.277893, 'actor_loss': 19823.115234, 'auxQ1': -113.122742, 'aux_critic_loss': 5.668463, 'aux_rew/limits_dof_pos': 0.090681, 'aux_rew/limits_torque': 14.011833, 'aux_rew/penalty_action_rate': 11.545577, 'aux_rew/penalty_ankle_roll': 0.055252, 'aux_rew/penalty_feet_ori': 0.777952, 'aux_rew/penalty_slippage': 0.319033, 'aux_rew/penalty_torques': 7480.571777, 'aux_rew/penalty_undesired_contact': 0.8311, 'critic_loss': 6.503725, 'disc_expert_loss': 0.002093, 'disc_loss': 0.006027, 'disc_train_loss': 0.002157, 'disc_wgan_gp_loss': 0.000178, 'fb_diag': -379.917694, 'fb_loss': -11184.75, 'fb_offdiag': 1784.736938, 'mean_aux_reward': -1.66416, 'mean_disc_reward': -7.855207, 'mean_next_Q': -395.13266, 'mean_next_auxQ': -113.045547, 'orth_loss': -125.895645, 'orth_loss_diag': -255.999969, 'orth_loss_offdiag': 130.103836, 'q_loss': 0.0, 'target_M': 55.014359, 'target_Q': -395.640198, 'target_auxQ': -113.122665, 'unc_Q': 1.132309, 'unc_auxQ': 1.375168, 'z_norm': 15.999997, 'duration [minutes]': 521.4587583382925, 'FPS': 408.8667931680604}
{'B': 0.001112, 'B_norm': 16.0, 'F1': -0.08662, 'M1': 55.320732, 'Q1': -398.571899, 'Q_aux': -115.080612, 'Q_discriminator': -398.692535, 'Q_fb': 911.121338, 'actor_loss': 20363.96875, 'auxQ1': -114.259445, 'aux_critic_loss': 6.635705, 'aux_rew/limits_dof_pos': 0.08919, 'aux_rew/limits_torque': 13.99304, 'aux_rew/penalty_action_rate': 10.729067, 'aux_rew/penalty_ankle_roll': 0.055987, 'aux_rew/penalty_feet_ori': 0.78952, 'aux_rew/penalty_slippage': 0.295749, 'aux_rew/penalty_torques': 7476.822754, 'aux_rew/penalty_undesired_contact': 0.845372, 'critic_loss': 7.72456, 'disc_expert_loss': 0.001956, 'disc_loss': 0.005694, 'disc_train_loss': 0.002024, 'disc_wgan_gp_loss': 0.000171, 'fb_diag': -379.68338, 'fb_loss': -11164.96582, 'fb_offdiag': 1843.568604, 'mean_aux_reward': -1.790285, 'mean_disc_reward': -7.954344, 'mean_next_Q': -398.042633, 'mean_next_auxQ': -114.087189, 'orth_loss': -126.288345, 'orth_loss_diag': -255.999969, 'orth_loss_offdiag': 129.711105, 'q_loss': 0.0, 'target_M': 55.278374, 'target_Q': -398.57251, 'target_auxQ': -114.259537, 'unc_Q': 1.09527, 'unc_auxQ': 1.354288, 'z_norm': 16.000002, 'duration [minutes]': 537.1123467604319, 'FPS': 408.9164848061838}
{'B': 0.001137, 'B_norm': 16.0, 'F1': -0.077714, 'M1': 54.754055, 'Q1': -398.921509, 'Q_aux': -116.684738, 'Q_discriminator': -399.046783, 'Q_fb': 933.386658, 'actor_loss': 20822.976562, 'auxQ1': -115.847839, 'aux_critic_loss': 5.535103, 'aux_rew/limits_dof_pos': 0.085946, 'aux_rew/limits_torque': 13.92435, 'aux_rew/penalty_action_rate': 11.067223, 'aux_rew/penalty_ankle_roll': 0.056542, 'aux_rew/penalty_feet_ori': 0.775901, 'aux_rew/penalty_slippage': 0.30809, 'aux_rew/penalty_torques': 7450.12207, 'aux_rew/penalty_undesired_contact': 0.825234, 'critic_loss': 6.103211, 'disc_expert_loss': 0.00218, 'disc_loss': 0.006207, 'disc_train_loss': 0.002259, 'disc_wgan_gp_loss': 0.000177, 'fb_diag': -384.072205, 'fb_loss': -11240.552734, 'fb_offdiag': 1735.729492, 'mean_aux_reward': -1.744819, 'mean_disc_reward': -7.898661, 'mean_next_Q': -398.443817, 'mean_next_auxQ': -115.739502, 'orth_loss': -125.922302, 'orth_loss_diag': -256.0, 'orth_loss_offdiag': 130.077148, 'q_loss': 0.0, 'target_M': 54.696724, 'target_Q': -398.920746, 'target_auxQ': -115.84803, 'unc_Q': 1.117325, 'unc_auxQ': 1.384379, 'z_norm': 15.999994, 'duration [minutes]': 552.7650149822235, 'FPS': 408.9403777230678}
{'B': 0.001262, 'B_norm': 16.0, 'F1': 0.060732, 'M1': 54.793839, 'Q1': -400.970123, 'Q_aux': -117.287186, 'Q_discriminator': -401.101288, 'Q_fb': 946.795166, 'actor_loss': 21180.09375, 'auxQ1': -116.464096, 'aux_critic_loss': 7.323011, 'aux_rew/limits_dof_pos': 0.083482, 'aux_rew/limits_torque': 13.936047, 'aux_rew/penalty_action_rate': 10.577129, 'aux_rew/penalty_ankle_roll': 0.056359, 'aux_rew/penalty_feet_ori': 0.78998, 'aux_rew/penalty_slippage': 0.292534, 'aux_rew/penalty_torques': 7457.144043, 'aux_rew/penalty_undesired_contact': 0.830726, 'critic_loss': 7.725585, 'disc_expert_loss': 0.0021, 'disc_loss': 0.006006, 'disc_train_loss': 0.002172, 'disc_wgan_gp_loss': 0.000173, 'fb_diag': -379.176331, 'fb_loss': -11128.432617, 'fb_offdiag': 1862.039185, 'mean_aux_reward': -1.791482, 'mean_disc_reward': -7.964751, 'mean_next_Q': -400.476379, 'mean_next_auxQ': -116.312279, 'orth_loss': -126.112953, 'orth_loss_diag': -255.999969, 'orth_loss_offdiag': 129.886551, 'q_loss': 0.0, 'target_M': 54.74073, 'target_Q': -400.970673, 'target_auxQ': -116.463966, 'unc_Q': 1.098014, 'unc_auxQ': 1.400854, 'z_norm': 16.0, 'duration [minutes]': 568.4162517905236, 'FPS': 408.97822373410116}
{'B': 0.00106, 'B_norm': 16.0, 'F1': 0.094944, 'M1': 54.334198, 'Q1': -400.502258, 'Q_aux': -117.61898, 'Q_discriminator': -400.644897, 'Q_fb': 951.086914, 'actor_loss': 21262.734375, 'auxQ1': -116.769073, 'aux_critic_loss': 7.429009, 'aux_rew/limits_dof_pos': 0.079347, 'aux_rew/limits_torque': 13.884863, 'aux_rew/penalty_action_rate': 10.953671, 'aux_rew/penalty_ankle_roll': 0.056596, 'aux_rew/penalty_feet_ori': 0.782335, 'aux_rew/penalty_slippage': 0.307232, 'aux_rew/penalty_torques': 7436.868164, 'aux_rew/penalty_undesired_contact': 0.811576, 'critic_loss': 8.473086, 'disc_expert_loss': 0.002258, 'disc_loss': 0.006352, 'disc_train_loss': 0.002332, 'disc_wgan_gp_loss': 0.000176, 'fb_diag': -379.611908, 'fb_loss': -11071.307617, 'fb_offdiag': 1879.543945, 'mean_aux_reward': -1.729298, 'mean_disc_reward': -7.907142, 'mean_next_Q': -400.040527, 'mean_next_auxQ': -116.66861, 'orth_loss': -125.712448, 'orth_loss_diag': -255.999969, 'orth_loss_offdiag': 130.286942, 'q_loss': 0.0, 'target_M': 54.272552, 'target_Q': -400.502747, 'target_auxQ': -116.769165, 'unc_Q': 1.133864, 'unc_auxQ': 1.438028, 'z_norm': 15.999998, 'duration [minutes]': 584.0714020927747, 'FPS': 408.87571996454375}
{'B': 0.001225, 'B_norm': 16.0, 'F1': 0.120821, 'M1': 54.352287, 'Q1': -402.303833, 'Q_aux': -117.679756, 'Q_discriminator': -402.440399, 'Q_fb': 950.063599, 'actor_loss': 21333.382812, 'auxQ1': -116.841988, 'aux_critic_loss': 7.812823, 'aux_rew/limits_dof_pos': 0.079567, 'aux_rew/limits_torque': 13.906411, 'aux_rew/penalty_action_rate': 10.532172, 'aux_rew/penalty_ankle_roll': 0.056044, 'aux_rew/penalty_feet_ori': 0.78988, 'aux_rew/penalty_slippage': 0.291605, 'aux_rew/penalty_torques': 7449.806641, 'aux_rew/penalty_undesired_contact': 0.81874, 'critic_loss': 8.572243, 'disc_expert_loss': 0.002164, 'disc_loss': 0.006116, 'disc_train_loss': 0.00224, 'disc_wgan_gp_loss': 0.000171, 'fb_diag': -379.361694, 'fb_loss': -11072.021484, 'fb_offdiag': 1916.828003, 'mean_aux_reward': -1.764338, 'mean_disc_reward': -7.983652, 'mean_next_Q': -401.811951, 'mean_next_auxQ': -116.698189, 'orth_loss': -126.094635, 'orth_loss_diag': -255.999969, 'orth_loss_offdiag': 129.904724, 'q_loss': 0.0, 'target_M': 54.290527, 'target_Q': -402.303406, 'target_auxQ': -116.841995, 'unc_Q': 1.111664, 'unc_auxQ': 1.455467, 'z_norm': 15.999989, 'duration [minutes]': 599.7226740678151, 'FPS': 408.97750560808316}
2026-07-29 09:42:02.205 | INFO     | humanoidverse.envs.legged_robot_motions.legged_robot_motions:_update_tasks_callback:127 - Resampling motion at step 30000
All motions already loaded!!! No need to resample.
{'B': 0.001518, 'B_norm': 16.0, 'F1': 0.132446, 'M1': 54.01685, 'Q1': -403.515656, 'Q_aux': -117.473976, 'Q_discriminator': -403.651276, 'Q_fb': 955.849731, 'actor_loss': 21490.964844, 'auxQ1': -116.646912, 'aux_critic_loss': 6.703325, 'aux_rew/limits_dof_pos': 0.079162, 'aux_rew/limits_torque': 13.912859, 'aux_rew/penalty_action_rate': 10.598314, 'aux_rew/penalty_ankle_roll': 0.056547, 'aux_rew/penalty_feet_ori': 0.782123, 'aux_rew/penalty_slippage': 0.29316, 'aux_rew/penalty_torques': 7454.54248, 'aux_rew/penalty_undesired_contact': 0.81622, 'critic_loss': 6.699991, 'disc_expert_loss': 0.002161, 'disc_loss': 0.006093, 'disc_train_loss': 0.002238, 'disc_wgan_gp_loss': 0.000169, 'fb_diag': -383.436157, 'fb_loss': -11214.105469, 'fb_offdiag': 1809.235596, 'mean_aux_reward': -1.72621, 'mean_disc_reward': -7.998775, 'mean_next_Q': -403.03241, 'mean_next_auxQ': -116.541969, 'orth_loss': -126.398895, 'orth_loss_diag': -255.999969, 'orth_loss_offdiag': 129.60054, 'q_loss': 0.0, 'target_M': 53.943413, 'target_Q': -403.514465, 'target_auxQ': -116.647217, 'unc_Q': 1.111023, 'unc_auxQ': 1.448651, 'z_norm': 15.999993, 'duration [minutes]': 615.379637436072, 'FPS': 408.827523857958}
{'B': 0.001217, 'B_norm': 16.0, 'F1': 0.152094, 'M1': 53.836998, 'Q1': -404.561676, 'Q_aux': -117.806396, 'Q_discriminator': -404.662292, 'Q_fb': 962.503052, 'actor_loss': 21637.921875, 'auxQ1': -116.936646, 'aux_critic_loss': 8.798968, 'aux_rew/limits_dof_pos': 0.078615, 'aux_rew/limits_torque': 13.888486, 'aux_rew/penalty_action_rate': 10.668876, 'aux_rew/penalty_ankle_roll': 0.056822, 'aux_rew/penalty_feet_ori': 0.776575, 'aux_rew/penalty_slippage': 0.296919, 'aux_rew/penalty_torques': 7445.883789, 'aux_rew/penalty_undesired_contact': 0.81384, 'critic_loss': 9.289833, 'disc_expert_loss': 0.002209, 'disc_loss': 0.006188, 'disc_train_loss': 0.002293, 'disc_wgan_gp_loss': 0.000169, 'fb_diag': -378.624817, 'fb_loss': -11025.918945, 'fb_offdiag': 1944.611328, 'mean_aux_reward': -1.70038, 'mean_disc_reward': -8.011337, 'mean_next_Q': -404.075958, 'mean_next_auxQ': -116.859772, 'orth_loss': -125.919151, 'orth_loss_diag': -255.999969, 'orth_loss_offdiag': 130.0802, 'q_loss': 0.0, 'target_M': 53.765385, 'target_Q': -404.561584, 'target_auxQ': -116.936302, 'unc_Q': 1.132858, 'unc_auxQ': 1.456464, 'z_norm': 15.999982, 'duration [minutes]': 631.0318473656972, 'FPS': 408.95252449284925}
{'B': 0.001491, 'B_norm': 16.0, 'F1': 0.141619, 'M1': 53.731922, 'Q1': -401.462158, 'Q_aux': -117.188438, 'Q_discriminator': -401.587616, 'Q_fb': 966.30542, 'actor_loss': 21502.527344, 'auxQ1': -116.320457, 'aux_critic_loss': 8.737254, 'aux_rew/limits_dof_pos': 0.076962, 'aux_rew/limits_torque': 13.795671, 'aux_rew/penalty_action_rate': 11.394973, 'aux_rew/penalty_ankle_roll': 0.056176, 'aux_rew/penalty_feet_ori': 0.722027, 'aux_rew/penalty_slippage': 0.323232, 'aux_rew/penalty_torques': 7399.880859, 'aux_rew/penalty_undesired_contact': 0.784938, 'critic_loss': 10.383074, 'disc_expert_loss': 0.002618, 'disc_loss': 0.007118, 'disc_train_loss': 0.002714, 'disc_wgan_gp_loss': 0.000179, 'fb_diag': -376.197876, 'fb_loss': -10954.337891, 'fb_offdiag': 1950.876953, 'mean_aux_reward': -1.626054, 'mean_disc_reward': -7.908287, 'mean_next_Q': -400.995148, 'mean_next_auxQ': -116.283783, 'orth_loss': -125.290176, 'orth_loss_diag': -255.999969, 'orth_loss_offdiag': 130.709198, 'q_loss': 0.0, 'target_M': 53.658787, 'target_Q': -401.462585, 'target_auxQ': -116.320068, 'unc_Q': 1.181907, 'unc_auxQ': 1.50208, 'z_norm': 15.99999, 'duration [minutes]': 646.6842360099157, 'FPS': 408.94911522122294}
{'B': 0.001127, 'B_norm': 16.0, 'F1': 0.046191, 'M1': 54.818047, 'Q1': -402.271545, 'Q_aux': -116.312637, 'Q_discriminator': -402.399628, 'Q_fb': 980.110168, 'actor_loss': 21833.779297, 'auxQ1': -115.473778, 'aux_critic_loss': 8.368144, 'aux_rew/limits_dof_pos': 0.076843, 'aux_rew/limits_torque': 13.787255, 'aux_rew/penalty_action_rate': 10.986603, 'aux_rew/penalty_ankle_roll': 0.055996, 'aux_rew/penalty_feet_ori': 0.726801, 'aux_rew/penalty_slippage': 0.30846, 'aux_rew/penalty_torques': 7395.734863, 'aux_rew/penalty_undesired_contact': 0.793539, 'critic_loss': 9.799099, 'disc_expert_loss': 0.002488, 'disc_loss': 0.006827, 'disc_train_loss': 0.002578, 'disc_wgan_gp_loss': 0.000176, 'fb_diag': -376.969421, 'fb_loss': -11011.806641, 'fb_offdiag': 1931.742188, 'mean_aux_reward': -1.664544, 'mean_disc_reward': -7.96388, 'mean_next_Q': -401.775085, 'mean_next_auxQ': -115.39949, 'orth_loss': -125.665741, 'orth_loss_diag': -255.999969, 'orth_loss_offdiag': 130.333786, 'q_loss': 0.0, 'target_M': 54.766235, 'target_Q': -402.270844, 'target_auxQ': -115.47374, 'unc_Q': 1.160002, 'unc_auxQ': 1.465505, 'z_norm': 15.999993, 'duration [minutes]': 662.3356739560763, 'FPS': 408.97229405152905}
{'B': 0.001047, 'B_norm': 16.0, 'F1': 0.044133, 'M1': 55.402657, 'Q1': -400.100464, 'Q_aux': -114.455475, 'Q_discriminator': -400.211334, 'Q_fb': 989.61084, 'actor_loss': 21872.681641, 'auxQ1': -113.631096, 'aux_critic_loss': 6.830185, 'aux_rew/limits_dof_pos': 0.0727, 'aux_rew/limits_torque': 13.745776, 'aux_rew/penalty_action_rate': 11.668057, 'aux_rew/penalty_ankle_roll': 0.055726, 'aux_rew/penalty_feet_ori': 0.698071, 'aux_rew/penalty_slippage': 0.338052, 'aux_rew/penalty_torques': 7373.176758, 'aux_rew/penalty_undesired_contact': 0.766756, 'critic_loss': 7.585025, 'disc_expert_loss': 0.002687, 'disc_loss': 0.007281, 'disc_train_loss': 0.002781, 'disc_wgan_gp_loss': 0.000181, 'fb_diag': -381.369843, 'fb_loss': -11149.101562, 'fb_offdiag': 1816.745117, 'mean_aux_reward': -1.5823, 'mean_disc_reward': -7.872268, 'mean_next_Q': -399.630585, 'mean_next_auxQ': -113.596664, 'orth_loss': -125.844856, 'orth_loss_diag': -255.999969, 'orth_loss_offdiag': 130.154648, 'q_loss': 0.0, 'target_M': 55.35675, 'target_Q': -400.101318, 'target_auxQ': -113.63063, 'unc_Q': 1.204579, 'unc_auxQ': 1.477295, 'z_norm': 15.999994, 'duration [minutes]': 677.9927841424942, 'FPS': 408.8245841653864}
{'B': 0.001189, 'B_norm': 16.0, 'F1': 0.01433, 'M1': 55.914146, 'Q1': -402.440735, 'Q_aux': -112.8396, 'Q_discriminator': -402.568817, 'Q_fb': 992.877747, 'actor_loss': 22093.414062, 'auxQ1': -112.026581, 'aux_critic_loss': 7.309184, 'aux_rew/limits_dof_pos': 0.07178, 'aux_rew/limits_torque': 13.742078, 'aux_rew/penalty_action_rate': 10.897251, 'aux_rew/penalty_ankle_roll': 0.055957, 'aux_rew/penalty_feet_ori': 0.715014, 'aux_rew/penalty_slippage': 0.3075, 'aux_rew/penalty_torques': 7369.41748, 'aux_rew/penalty_undesired_contact': 0.786171, 'critic_loss': 8.946144, 'disc_expert_loss': 0.002435, 'disc_loss': 0.006693, 'disc_train_loss': 0.002528, 'disc_wgan_gp_loss': 0.000173, 'fb_diag': -381.754791, 'fb_loss': -11100.927734, 'fb_offdiag': 1903.883423, 'mean_aux_reward': -1.661446, 'mean_disc_reward': -7.997976, 'mean_next_Q': -401.910278, 'mean_next_auxQ': -111.892303, 'orth_loss': -126.230309, 'orth_loss_diag': -256.0, 'orth_loss_offdiag': 129.769241, 'q_loss': 0.0, 'target_M': 55.880878, 'target_Q': -402.440918, 'target_auxQ': -112.026627, 'unc_Q': 1.166921, 'unc_auxQ': 1.450549, 'z_norm': 15.999996, 'duration [minutes]': 693.6458337148031, 'FPS': 408.9297170045117}
{'B': 0.00147, 'B_norm': 16.0, 'F1': 0.023148, 'M1': 55.666878, 'Q1': -402.793213, 'Q_aux': -112.957756, 'Q_discriminator': -402.926453, 'Q_fb': 1013.374329, 'actor_loss': 22539.15625, 'auxQ1': -112.12645, 'aux_critic_loss': 6.341365, 'aux_rew/limits_dof_pos': 0.067456, 'aux_rew/limits_torque': 13.726886, 'aux_rew/penalty_action_rate': 11.288257, 'aux_rew/penalty_ankle_roll': 0.057216, 'aux_rew/penalty_feet_ori': 0.7024, 'aux_rew/penalty_slippage': 0.3242, 'aux_rew/penalty_torques': 7359.354492, 'aux_rew/penalty_undesired_contact': 0.770662, 'critic_loss': 6.867507, 'disc_expert_loss': 0.002545, 'disc_loss': 0.006947, 'disc_train_loss': 0.002644, 'disc_wgan_gp_loss': 0.000176, 'fb_diag': -385.637817, 'fb_loss': -11185.618164, 'fb_offdiag': 1791.341431, 'mean_aux_reward': -1.607932, 'mean_disc_reward': -7.960849, 'mean_next_Q': -402.295319, 'mean_next_auxQ': -112.044907, 'orth_loss': -125.913261, 'orth_loss_diag': -256.0, 'orth_loss_offdiag': 130.086243, 'q_loss': 0.0, 'target_M': 55.623318, 'target_Q': -402.792633, 'target_auxQ': -112.126602, 'unc_Q': 1.188947, 'unc_auxQ': 1.458961, 'z_norm': 15.99999, 'duration [minutes]': 709.2985633770625, 'FPS': 408.93903186442924}
{'B': 0.001414, 'B_norm': 16.0, 'F1': 0.081458, 'M1': 55.017406, 'Q1': -405.428406, 'Q_aux': -112.480751, 'Q_discriminator': -405.57132, 'Q_fb': 1020.844299, 'actor_loss': 22865.21875, 'auxQ1': -111.650467, 'aux_critic_loss': 7.180039, 'aux_rew/limits_dof_pos': 0.065284, 'aux_rew/limits_torque': 13.716159, 'aux_rew/penalty_action_rate': 10.743582, 'aux_rew/penalty_ankle_roll': 0.057765, 'aux_rew/penalty_feet_ori': 0.714626, 'aux_rew/penalty_slippage': 0.305791, 'aux_rew/penalty_torques': 7355.740723, 'aux_rew/penalty_undesired_contact': 0.780623, 'critic_loss': 8.974578, 'disc_expert_loss': 0.002466, 'disc_loss': 0.006754, 'disc_train_loss': 0.002567, 'disc_wgan_gp_loss': 0.000172, 'fb_diag': -382.79129, 'fb_loss': -11110.301758, 'fb_offdiag': 1884.863159, 'mean_aux_reward': -1.64169, 'mean_disc_reward': -8.044586, 'mean_next_Q': -404.90741, 'mean_next_auxQ': -111.53688, 'orth_loss': -126.123558, 'orth_loss_diag': -255.999969, 'orth_loss_offdiag': 129.875839, 'q_loss': 0.0, 'target_M': 54.96336, 'target_Q': -405.428497, 'target_auxQ': -111.650475, 'unc_Q': 1.17234, 'unc_auxQ': 1.434349, 'z_norm': 15.99999, 'duration [minutes]': 724.9827159047127, 'FPS': 408.1204088701687}
{'B': 0.001872, 'B_norm': 16.0, 'F1': 0.109692, 'M1': 54.501869, 'Q1': -405.62558, 'Q_aux': -112.168152, 'Q_discriminator': -405.802399, 'Q_fb': 1026.475586, 'actor_loss': 22989.621094, 'auxQ1': -111.34301, 'aux_critic_loss': 7.594125, 'aux_rew/limits_dof_pos': 0.060711, 'aux_rew/limits_torque': 13.638174, 'aux_rew/penalty_action_rate': 11.022548, 'aux_rew/penalty_ankle_roll': 0.058343, 'aux_rew/penalty_feet_ori': 0.691362, 'aux_rew/penalty_slippage': 0.319738, 'aux_rew/penalty_torques': 7323.328613, 'aux_rew/penalty_undesired_contact': 0.762251, 'critic_loss': 9.192414, 'disc_expert_loss': 0.002693, 'disc_loss': 0.007264, 'disc_train_loss': 0.002806, 'disc_wgan_gp_loss': 0.000176, 'fb_diag': -382.006866, 'fb_loss': -11057.132812, 'fb_offdiag': 1909.247925, 'mean_aux_reward': -1.603161, 'mean_disc_reward': -7.991826, 'mean_next_Q': -405.156006, 'mean_next_auxQ': -111.253998, 'orth_loss': -125.844063, 'orth_loss_diag': -255.999969, 'orth_loss_offdiag': 130.155426, 'q_loss': 0.0, 'target_M': 54.437855, 'target_Q': -405.62674, 'target_auxQ': -111.343269, 'unc_Q': 1.187361, 'unc_auxQ': 1.450591, 'z_norm': 15.999992, 'duration [minutes]': 740.6859559615453, 'FPS': 407.6236723637658}
{'B': 0.001755, 'B_norm': 16.0, 'F1': 0.093554, 'M1': 54.524723, 'Q1': -407.37146, 'Q_aux': -112.480881, 'Q_discriminator': -407.545074, 'Q_fb': 1040.475464, 'actor_loss': 23389.462891, 'auxQ1': -111.676529, 'aux_critic_loss': 7.411614, 'aux_rew/limits_dof_pos': 0.061134, 'aux_rew/limits_torque': 13.640084, 'aux_rew/penalty_action_rate': 10.62611, 'aux_rew/penalty_ankle_roll': 0.058215, 'aux_rew/penalty_feet_ori': 0.706644, 'aux_rew/penalty_slippage': 0.310723, 'aux_rew/penalty_torques': 7323.151367, 'aux_rew/penalty_undesired_contact': 0.767169, 'critic_loss': 8.589936, 'disc_expert_loss': 0.002651, 'disc_loss': 0.007171, 'disc_train_loss': 0.002769, 'disc_wgan_gp_loss': 0.000175, 'fb_diag': -383.592926, 'fb_loss': -11100.119141, 'fb_offdiag': 1906.804321, 'mean_aux_reward': -1.65763, 'mean_disc_reward': -8.027946, 'mean_next_Q': -406.91629, 'mean_next_auxQ': -111.550667, 'orth_loss': -126.233299, 'orth_loss_diag': -255.999969, 'orth_loss_offdiag': 129.766296, 'q_loss': 0.0, 'target_M': 54.460373, 'target_Q': -407.371857, 'target_auxQ': -111.676476, 'unc_Q': 1.156233, 'unc_auxQ': 1.427322, 'z_norm': 16.00001, 'duration [minutes]': 756.4209030707677, 'FPS': 406.80105365135586}
2026-07-29 12:18:48.683 | INFO     | humanoidverse.envs.legged_robot_motions.legged_robot_motions:_update_tasks_callback:127 - Resampling motion at step 37500
All motions already loaded!!! No need to resample.
{'B': 0.001585, 'B_norm': 16.0, 'F1': 0.056944, 'M1': 54.197975, 'Q1': -407.868164, 'Q_aux': -112.389221, 'Q_discriminator': -408.029114, 'Q_fb': 1042.832275, 'actor_loss': 23464.861328, 'auxQ1': -111.56781, 'aux_critic_loss': 6.669227, 'aux_rew/limits_dof_pos': 0.060349, 'aux_rew/limits_torque': 13.627626, 'aux_rew/penalty_action_rate': 10.615244, 'aux_rew/penalty_ankle_roll': 0.0574, 'aux_rew/penalty_feet_ori': 0.705408, 'aux_rew/penalty_slippage': 0.310761, 'aux_rew/penalty_torques': 7318.156738, 'aux_rew/penalty_undesired_contact': 0.765531, 'critic_loss': 7.302057, 'disc_expert_loss': 0.002655, 'disc_loss': 0.007177, 'disc_train_loss': 0.00277, 'disc_wgan_gp_loss': 0.000175, 'fb_diag': -387.473328, 'fb_loss': -11185.00293, 'fb_offdiag': 1838.738525, 'mean_aux_reward': -1.621353, 'mean_disc_reward': -8.028187, 'mean_next_Q': -407.418091, 'mean_next_auxQ': -111.477592, 'orth_loss': -126.362747, 'orth_loss_diag': -255.999969, 'orth_loss_offdiag': 129.636765, 'q_loss': 0.0, 'target_M': 54.122688, 'target_Q': -407.868744, 'target_auxQ': -111.56781, 'unc_Q': 1.164339, 'unc_auxQ': 1.425514, 'z_norm': 16.00001, 'duration [minutes]': 772.1886424740155, 'FPS': 405.9565446575029}
Checkpointing at time 19200000
Starting evaluation at time 19200000
All motions already loaded!!! No need to resample.
All motions already loaded!!! No need to resample.
{'B': 0.001753, 'B_norm': 16.0, 'F1': 0.059196, 'M1': 53.887459, 'Q1': -408.089966, 'Q_aux': -112.425529, 'Q_discriminator': -408.238953, 'Q_fb': 1051.574707, 'actor_loss': 23638.589844, 'auxQ1': -111.614059, 'aux_critic_loss': 8.005788, 'aux_rew/limits_dof_pos': 0.060571, 'aux_rew/limits_torque': 13.606949, 'aux_rew/penalty_action_rate': 10.676695, 'aux_rew/penalty_ankle_roll': 0.056349, 'aux_rew/penalty_feet_ori': 0.705604, 'aux_rew/penalty_slippage': 0.314049, 'aux_rew/penalty_torques': 7308.352539, 'aux_rew/penalty_undesired_contact': 0.759968, 'critic_loss': 9.651871, 'disc_expert_loss': 0.002643, 'disc_loss': 0.007137, 'disc_train_loss': 0.002748, 'disc_wgan_gp_loss': 0.000175, 'fb_diag': -381.599121, 'fb_loss': -11001.673828, 'fb_offdiag': 1977.545288, 'mean_aux_reward': -1.591674, 'mean_disc_reward': -8.025734, 'mean_next_Q': -407.641754, 'mean_next_auxQ': -111.555367, 'orth_loss': -125.976021, 'orth_loss_diag': -255.999969, 'orth_loss_offdiag': 130.023514, 'q_loss': 0.0, 'target_M': 53.811207, 'target_Q': -408.088501, 'target_auxQ': -111.613777, 'unc_Q': 1.171415, 'unc_auxQ': 1.423406, 'z_norm': 15.999996, 'duration [minutes]': 789.8949150284132, 'FPS': 361.50577782814327}
{'B': 0.001806, 'B_norm': 16.0, 'F1': 0.101643, 'M1': 53.61631, 'Q1': -406.81308, 'Q_aux': -109.482887, 'Q_discriminator': -406.963776, 'Q_fb': 1062.584351, 'actor_loss': 23727.546875, 'auxQ1': -108.635811, 'aux_critic_loss': 7.880904, 'aux_rew/limits_dof_pos': 0.060441, 'aux_rew/limits_torque': 13.680205, 'aux_rew/penalty_action_rate': 12.048915, 'aux_rew/penalty_ankle_roll': 0.056259, 'aux_rew/penalty_feet_ori': 0.700835, 'aux_rew/penalty_slippage': 0.351589, 'aux_rew/penalty_torques': 7336.640625, 'aux_rew/penalty_undesired_contact': 0.747155, 'critic_loss': 10.27675, 'disc_expert_loss': 0.002987, 'disc_loss': 0.008053, 'disc_train_loss': 0.003167, 'disc_wgan_gp_loss': 0.00019, 'fb_diag': -378.899536, 'fb_loss': -10936.951172, 'fb_offdiag': 1999.875366, 'mean_aux_reward': -1.391876, 'mean_disc_reward': -7.961592, 'mean_next_Q': -406.379822, 'mean_next_auxQ': -108.717865, 'orth_loss': -125.579239, 'orth_loss_diag': -255.999969, 'orth_loss_offdiag': 130.42012, 'q_loss': 0.0, 'target_M': 53.536152, 'target_Q': -406.813965, 'target_auxQ': -108.635498, 'unc_Q': 1.224801, 'unc_auxQ': 1.429079, 'z_norm': 16.000008, 'duration [minutes]': 805.542731376489, 'FPS': 409.06816903946276}
