warning: The `tool.uv.dev-dependencies` field (used in `pyproject.toml`) is deprecated and will be removed in a future release; use `dependency-groups.dev` instead
Robot schema: name=mini3 dofs=21 bodies=24 state_dim=48 action_dim=21
2026-07-28 23:22:10.174 | INFO     | humanoidverse.utils.helpers:pre_process_config:49 - obs_dims: {'base_lin_vel': 3, 'base_ang_vel': 3, 'projected_gravity': 3, 'dof_pos': 21, 'dof_vel': 21, 'actions': 21, 'max_local_self': 357}
2026-07-28 23:22:10.177 | INFO     | humanoidverse.utils.helpers:pre_process_config:60 - auxiliary_obs_dims: {'history_actor': 276}
2026-07-28 23:22:10.178 | INFO     | humanoidverse.utils.helpers:pre_process_config:67 - actor_obs: base_ang_vel has dim: 3
2026-07-28 23:22:10.179 | INFO     | humanoidverse.utils.helpers:pre_process_config:67 - actor_obs: projected_gravity has dim: 3
2026-07-28 23:22:10.181 | INFO     | humanoidverse.utils.helpers:pre_process_config:67 - actor_obs: dof_pos has dim: 21
2026-07-28 23:22:10.183 | INFO     | humanoidverse.utils.helpers:pre_process_config:67 - actor_obs: dof_vel has dim: 21
2026-07-28 23:22:10.183 | INFO     | humanoidverse.utils.helpers:pre_process_config:67 - actor_obs: actions has dim: 21
2026-07-28 23:22:10.184 | INFO     | humanoidverse.utils.helpers:pre_process_config:70 - actor_obs: history_actor has dim: 276
2026-07-28 23:22:10.185 | INFO     | humanoidverse.utils.helpers:pre_process_config:67 - actor_obs: max_local_self has dim: 357
2026-07-28 23:22:10.186 | INFO     | humanoidverse.utils.helpers:pre_process_config:67 - clean_policy_obs: base_ang_vel has dim: 3
2026-07-28 23:22:10.187 | INFO     | humanoidverse.utils.helpers:pre_process_config:67 - clean_policy_obs: projected_gravity has dim: 3
2026-07-28 23:22:10.187 | INFO     | humanoidverse.utils.helpers:pre_process_config:67 - clean_policy_obs: dof_pos has dim: 21
2026-07-28 23:22:10.188 | INFO     | humanoidverse.utils.helpers:pre_process_config:67 - clean_policy_obs: dof_vel has dim: 21
2026-07-28 23:22:10.189 | INFO     | humanoidverse.utils.helpers:pre_process_config:67 - clean_policy_obs: max_local_self has dim: 357
2026-07-28 23:22:10.190 | INFO     | humanoidverse.utils.helpers:pre_process_config:67 - critic_obs: max_local_self has dim: 357
2026-07-28 23:22:10.191 | INFO     | humanoidverse.utils.helpers:pre_process_config:76 - algo_obs_dim_dict: {'actor_obs': 702, 'clean_policy_obs': 405, 'critic_obs': 357}
[WARN][AppLauncher]: There are no arguments attached to the ArgumentParser object. If you have your own arguments, please load your own arguments before calling the `AppLauncher.add_app_launcher_args` method. This allows the method to check the validity of the arguments and perform checks for argument names.
[INFO][AppLauncher]: Loading experience file: /home/wzk/BFM-Zero/.venv/lib/python3.10/site-packages/isaaclab/apps/isaaclab.python.headless.kit
[Warning] [simulation_app.simulation_app] Modules: ['omni.kit_app'] were loaded before SimulationApp was started and might not be loaded correctly.
[Warning] [simulation_app.simulation_app] Please check to make sure no extra omniverse or pxr modules are imported before the call to SimulationApp(...)
Loading user config located at: '/home/wzk/BFM-Zero/.venv/lib/python3.10/site-packages/omni/data/Kit/Isaac-Sim/4.5/user.config.json'
[Info] [carb] Logging to file: /home/wzk/BFM-Zero/.venv/lib/python3.10/site-packages/omni/logs/Kit/Isaac-Sim/4.5/kit_20260728_232210.log
2026-07-28 15:22:10 [0ms] [Warning] [omni.kit.app.plugin] No crash reporter present, dumps uploading isn't available.
2026-07-28 15:22:10 [149ms] [Warning] [omni.usd_config.extension] Enable omni.materialx.libs extension to use MaterialX
2026-07-28 15:22:10 [365ms] [Warning] [omni.platforminfo.plugin] failed to open the default display.  Can't verify X Server version.
2026-07-28 15:22:10 [366ms] [Warning] [omni.platforminfo.plugin] failed to load XRAndR.
2026-07-28 15:22:11 [626ms] [Warning] [omni.datastore] OmniHub is inaccessible
2026-07-28 15:22:11 [660ms] [Warning] [omni.isaac.dynamic_control] omni.isaac.dynamic_control is deprecated as of Isaac Sim 4.5. No action is needed from end-users.

|---------------------------------------------------------------------------------------------|
| Driver Version: 580.126.09    | Graphics API: Vulkan
|=============================================================================================|
| GPU | Name                             | Active | LDA | GPU Memory | Vendor-ID | LUID       |
|     |                                  |        |     |            | Device-ID | UUID       |
|     |                                  |        |     |            | Bus-ID    |            |
|---------------------------------------------------------------------------------------------|
| 0   | NVIDIA GeForce RTX 4090          | Yes: 0 |     | 78826   MB | 10de      | 0          |
|     |                                  |        |     |            | 2684      | b17aaba3.. |
|     |                                  |        |     |            | 8         |            |
|---------------------------------------------------------------------------------------------|
| 1   | NVIDIA GeForce RTX 4090          | Yes: 1 |     | 78826   MB | 10de      | 0          |
|     |                                  |        |     |            | 2684      | 68f466eb.. |
|     |                                  |        |     |            | c         |            |
|---------------------------------------------------------------------------------------------|
| 2   | NVIDIA GeForce RTX 4090          | Yes: 2 |     | 78826   MB | 10de      | 0          |
|     |                                  |        |     |            | 2684      | b78226f0.. |
|     |                                  |        |     |            | 89        |            |
|---------------------------------------------------------------------------------------------|
| 3   | NVIDIA GeForce RTX 4090          | Yes: 3 |     | 78826   MB | 10de      | 0          |
|     |                                  |        |     |            | 2684      | f06f9e3a.. |
|     |                                  |        |     |            | 8a        |            |
|---------------------------------------------------------------------------------------------|
| 4   | NVIDIA GeForce RTX 4090          | Yes: 4 |     | 78826   MB | 10de      | 0          |
|     |                                  |        |     |            | 2684      | ca3ace87.. |
|     |                                  |        |     |            | 8         |            |
|---------------------------------------------------------------------------------------------|
| 5   | NVIDIA GeForce RTX 4090          | Yes: 5 |     | 78826   MB | 10de      | 0          |
|     |                                  |        |     |            | 2684      | 1268b594.. |
|     |                                  |        |     |            | c         |            |
|---------------------------------------------------------------------------------------------|
| 6   | NVIDIA GeForce RTX 4090          | Yes: 6 |     | 78826   MB | 10de      | 0          |
|     |                                  |        |     |            | 2684      | bc3c3a1a.. |
|     |                                  |        |     |            | 8c        |            |
|---------------------------------------------------------------------------------------------|
| 7   | NVIDIA GeForce RTX 4090          | Yes: 7 |     | 78826   MB | 10de      | 0          |
|     |                                  |        |     |            | 2684      | 5342f46d.. |
|     |                                  |        |     |            | 8d        |            |
|=============================================================================================|
| OS: 22.04.5 LTS (Jammy Jellyfish) ubuntu, Version: 22.04.5, Kernel: 5.15.0-179-generic
| Processor: Intel(R) Xeon(R) Gold 6462C
| Cores: 64 | Logical Cores: 128
|---------------------------------------------------------------------------------------------|
| Total Memory (MB): 1030663 | Free Memory: 996795
| Total Page/Swap (MB): 0 | Free Page/Swap: 0
|---------------------------------------------------------------------------------------------|
2026-07-28 15:22:15 [5,001ms] [Warning] [gpu.foundation.plugin] ECC is enabled on physical device 0
2026-07-28 15:22:15 [5,001ms] [Warning] [gpu.foundation.plugin] ECC is enabled on physical device 1
2026-07-28 15:22:15 [5,001ms] [Warning] [gpu.foundation.plugin] ECC is enabled on physical device 2
2026-07-28 15:22:15 [5,001ms] [Warning] [gpu.foundation.plugin] ECC is enabled on physical device 3
2026-07-28 15:22:15 [5,001ms] [Warning] [gpu.foundation.plugin] ECC is enabled on physical device 4
2026-07-28 15:22:15 [5,001ms] [Warning] [gpu.foundation.plugin] ECC is enabled on physical device 5
2026-07-28 15:22:15 [5,001ms] [Warning] [gpu.foundation.plugin] ECC is enabled on physical device 6
2026-07-28 15:22:15 [5,001ms] [Warning] [gpu.foundation.plugin] ECC is enabled on physical device 7
2026-07-28 23:22:15.765 | INFO     | humanoidverse.simulator.isaacsim.isaacsim:__init__:76 - IsaacSim initialized.
2026-07-28 23:22:15.766 | INFO     | humanoidverse.simulator.isaacsim.isaacsim:__init__:78 - [INFO]: Base environment:
2026-07-28 23:22:15.766 | INFO     | humanoidverse.simulator.isaacsim.isaacsim:__init__:79 - 	Environment device    : cuda:7
2026-07-28 23:22:15.766 | INFO     | humanoidverse.simulator.isaacsim.isaacsim:__init__:80 - 	Physics step-size     : 0.002
2026-07-28 23:22:15.766 | INFO     | humanoidverse.simulator.isaacsim.isaacsim:__init__:81 - 	Rendering step-size   : 0.002
2026-07-28 23:22:15.766 | WARNING  | humanoidverse.simulator.isaacsim.isaacsim:__init__:90 - The render interval (4) is smaller than the decimation (10). Multiple render calls will happen for each environment step.If this is not intended, set the render interval to be equal to the decimation.
key: hip_pitch, kp: 60.0, kd: 4.5
key: hip_roll, kp: 55.0, kd: 2.8
key: hip_yaw, kp: 25.0, kd: 1.1
key: knee, kp: 60.0, kd: 4.5
key: ankle_pitch, kp: 50.0, kd: 1.2
key: ankle_roll, kp: 45.0, kd: 1.2
key: hip_pitch, kp: 60.0, kd: 4.5
key: hip_roll, kp: 55.0, kd: 2.8
key: hip_yaw, kp: 25.0, kd: 1.1
key: knee, kp: 60.0, kd: 4.5
key: ankle_pitch, kp: 50.0, kd: 1.2
key: ankle_roll, kp: 45.0, kd: 1.2
key: waist_yaw, kp: 65.0, kd: 3.0
key: shoulder_pitch, kp: 30.0, kd: 1.0
key: shoulder_roll, kp: 25.0, kd: 2.0
key: shoulder_yaw, kp: 30.0, kd: 1.0
key: elbow, kp: 20.0, kd: 1.0
key: shoulder_pitch, kp: 30.0, kd: 1.0
key: shoulder_roll, kp: 25.0, kd: 2.0
key: shoulder_yaw, kp: 30.0, kd: 1.0
key: elbow, kp: 20.0, kd: 1.0
2026-07-28 15:22:15 [5,384ms] [Warning] [carb.windowing-glfw.plugin] GLFW initialization failed.
2026-07-28 15:22:15 [5,384ms] [Warning] [carb] Failed to startup plugin carb.windowing-glfw.plugin (interfaces: [carb::windowing::IGLContext v1.0],[carb::windowing::IWindowing v1.5]) (impl: carb.windowing-glfw.plugin)
2026-07-28 15:22:15 [5,387ms] [Error] [gpu.foundation.plugin] DriverShaderCacheManager::init() called without a shutdown()!

|---------------------------------------------------------------------------------------------|
| Driver Version: 580.126.09    | Graphics API: Vulkan
|=============================================================================================|
| GPU | Name                             | Active | LDA | GPU Memory | Vendor-ID | LUID       |
|     |                                  |        |     |            | Device-ID | UUID       |
|     |                                  |        |     |            | Bus-ID    |            |
|---------------------------------------------------------------------------------------------|
| 0   | NVIDIA GeForce RTX 4090          | Yes: 0 |     | 78826   MB | 10de      | 0          |
|     |                                  |        |     |            | 2684      | b17aaba3.. |
|     |                                  |        |     |            | 8         |            |
|---------------------------------------------------------------------------------------------|
| 1   | NVIDIA GeForce RTX 4090          | Yes: 1 |     | 78826   MB | 10de      | 0          |
|     |                                  |        |     |            | 2684      | 68f466eb.. |
|     |                                  |        |     |            | c         |            |
|---------------------------------------------------------------------------------------------|
| 2   | NVIDIA GeForce RTX 4090          | Yes: 2 |     | 78826   MB | 10de      | 0          |
|     |                                  |        |     |            | 2684      | b78226f0.. |
|     |                                  |        |     |            | 89        |            |
|---------------------------------------------------------------------------------------------|
| 3   | NVIDIA GeForce RTX 4090          | Yes: 3 |     | 78826   MB | 10de      | 0          |
|     |                                  |        |     |            | 2684      | f06f9e3a.. |
|     |                                  |        |     |            | 8a        |            |
|---------------------------------------------------------------------------------------------|
| 4   | NVIDIA GeForce RTX 4090          | Yes: 4 |     | 78826   MB | 10de      | 0          |
|     |                                  |        |     |            | 2684      | ca3ace87.. |
|     |                                  |        |     |            | 8         |            |
|---------------------------------------------------------------------------------------------|
| 5   | NVIDIA GeForce RTX 4090          | Yes: 5 |     | 78826   MB | 10de      | 0          |
|     |                                  |        |     |            | 2684      | 1268b594.. |
|     |                                  |        |     |            | c         |            |
|---------------------------------------------------------------------------------------------|
| 6   | NVIDIA GeForce RTX 4090          | Yes: 6 |     | 78826   MB | 10de      | 0          |
|     |                                  |        |     |            | 2684      | bc3c3a1a.. |
|     |                                  |        |     |            | 8c        |            |
|---------------------------------------------------------------------------------------------|
| 7   | NVIDIA GeForce RTX 4090          | Yes: 7 |     | 78826   MB | 10de      | 0          |
|     |                                  |        |     |            | 2684      | 5342f46d.. |
|     |                                  |        |     |            | 8d        |            |
|=============================================================================================|
| OS: 22.04.5 LTS (Jammy Jellyfish) ubuntu, Version: 22.04.5, Kernel: 5.15.0-179-generic
| Processor: Intel(R) Xeon(R) Gold 6462C
| Cores: 64 | Logical Cores: 128
|---------------------------------------------------------------------------------------------|
| Total Memory (MB): 1030663 | Free Memory: 995961
| Total Page/Swap (MB): 0 | Free Page/Swap: 0
|---------------------------------------------------------------------------------------------|
2026-07-28 15:22:18 [8,592ms] [Warning] [gpu.foundation.plugin] ECC is enabled on physical device 0
2026-07-28 15:22:18 [8,592ms] [Warning] [gpu.foundation.plugin] ECC is enabled on physical device 1
2026-07-28 15:22:18 [8,592ms] [Warning] [gpu.foundation.plugin] ECC is enabled on physical device 2
2026-07-28 15:22:18 [8,592ms] [Warning] [gpu.foundation.plugin] ECC is enabled on physical device 3
2026-07-28 15:22:18 [8,592ms] [Warning] [gpu.foundation.plugin] ECC is enabled on physical device 4
2026-07-28 15:22:18 [8,592ms] [Warning] [gpu.foundation.plugin] ECC is enabled on physical device 5
2026-07-28 15:22:18 [8,592ms] [Warning] [gpu.foundation.plugin] ECC is enabled on physical device 6
2026-07-28 15:22:18 [8,592ms] [Warning] [gpu.foundation.plugin] ECC is enabled on physical device 7
2026-07-28 15:22:21 [11,557ms] [Warning] [carb.windowing-glfw.plugin] GLFW initialization failed.
2026-07-28 15:22:21 [11,557ms] [Warning] [carb] Failed to startup plugin carb.windowing-glfw.plugin (interfaces: [carb::windowing::IGLContext v1.0],[carb::windowing::IWindowing v1.5]) (impl: carb.windowing-glfw.plugin)
2026-07-28 15:22:22 [11,676ms] [Warning] [carb.windowing-glfw.plugin] GLFW initialization failed.
2026-07-28 15:22:22 [11,676ms] [Warning] [carb] Failed to startup plugin carb.windowing-glfw.plugin (interfaces: [carb::windowing::IGLContext v1.0],[carb::windowing::IWindowing v1.5]) (impl: carb.windowing-glfw.plugin)
2026-07-28 15:22:22 [11,726ms] [Warning] [carb.windowing-glfw.plugin] GLFW initialization failed.
2026-07-28 15:22:22 [11,726ms] [Warning] [carb] Failed to startup plugin carb.windowing-glfw.plugin (interfaces: [carb::windowing::IGLContext v1.0],[carb::windowing::IWindowing v1.5]) (impl: carb.windowing-glfw.plugin)
2026-07-28 15:22:22 [11,739ms] [Warning] [carb.windowing-glfw.plugin] GLFW initialization failed.
2026-07-28 15:22:22 [11,739ms] [Warning] [carb] Failed to startup plugin carb.windowing-glfw.plugin (interfaces: [carb::windowing::IGLContext v1.0],[carb::windowing::IWindowing v1.5]) (impl: carb.windowing-glfw.plugin)
2026-07-28 15:22:22 [11,741ms] [Warning] [carb.windowing-glfw.plugin] GLFW initialization failed.
2026-07-28 15:22:22 [11,741ms] [Warning] [carb] Failed to startup plugin carb.windowing-glfw.plugin (interfaces: [carb::windowing::IGLContext v1.0],[carb::windowing::IWindowing v1.5]) (impl: carb.windowing-glfw.plugin)
2026-07-28 15:22:22 [11,743ms] [Warning] [carb.windowing-glfw.plugin] GLFW initialization failed.
2026-07-28 15:22:22 [11,743ms] [Warning] [carb] Failed to startup plugin carb.windowing-glfw.plugin (interfaces: [carb::windowing::IGLContext v1.0],[carb::windowing::IWindowing v1.5]) (impl: carb.windowing-glfw.plugin)
2026-07-28 15:22:22 [12,191ms] [Warning] [omni.graph.visualization.nodes._impl.extension] No Viewport Window to add omni.graph.visualization.nodes-2.1.1 scene to
2026-07-28 15:22:27 [17,045ms] [Warning] [omni.usd] Warning: in GetNodeDiscoveryResults at line 136 of /builds/omniverse/usd-ci/USD/pxr/usd/usdShade/shaderDefUtils.cpp -- Unable to resolve info:sourceAsset </UsdPreviewSurface.info:mdl:sourceAsset> with value @UsdPreviewSurface.mdl@.

2026-07-28 15:22:27 [17,045ms] [Warning] [omni.usd] Warning: in GetNodeDiscoveryResults at line 136 of /builds/omniverse/usd-ci/USD/pxr/usd/usdShade/shaderDefUtils.cpp -- Unable to resolve info:sourceAsset </UsdUVTexture.info:mdl:sourceAsset> with value @UsdPreviewSurface.mdl@.

2026-07-28 15:22:27 [17,045ms] [Warning] [omni.usd] Warning: in GetNodeDiscoveryResults at line 136 of /builds/omniverse/usd-ci/USD/pxr/usd/usdShade/shaderDefUtils.cpp -- Unable to resolve info:sourceAsset </UsdPrimvarReader_float.info:mdl:sourceAsset> with value @UsdPreviewSurface.mdl@.

2026-07-28 15:22:27 [17,045ms] [Warning] [omni.usd] Warning: in GetNodeDiscoveryResults at line 136 of /builds/omniverse/usd-ci/USD/pxr/usd/usdShade/shaderDefUtils.cpp -- Unable to resolve info:sourceAsset </UsdPrimvarReader_float2.info:mdl:sourceAsset> with value @UsdPreviewSurface.mdl@.

2026-07-28 15:22:27 [17,045ms] [Warning] [omni.usd] Warning: in GetNodeDiscoveryResults at line 136 of /builds/omniverse/usd-ci/USD/pxr/usd/usdShade/shaderDefUtils.cpp -- Unable to resolve info:sourceAsset </UsdPrimvarReader_float3.info:mdl:sourceAsset> with value @UsdPreviewSurface.mdl@.

2026-07-28 15:22:27 [17,045ms] [Warning] [omni.usd] Warning: in GetNodeDiscoveryResults at line 136 of /builds/omniverse/usd-ci/USD/pxr/usd/usdShade/shaderDefUtils.cpp -- Unable to resolve info:sourceAsset </UsdPrimvarReader_float4.info:mdl:sourceAsset> with value @UsdPreviewSurface.mdl@.

2026-07-28 15:22:27 [17,045ms] [Warning] [omni.usd] Warning: in GetNodeDiscoveryResults at line 136 of /builds/omniverse/usd-ci/USD/pxr/usd/usdShade/shaderDefUtils.cpp -- Unable to resolve info:sourceAsset </UsdPrimvarReader_int.info:mdl:sourceAsset> with value @UsdPreviewSurface.mdl@.

2026-07-28 15:22:27 [17,045ms] [Warning] [omni.usd] Warning: in GetNodeDiscoveryResults at line 136 of /builds/omniverse/usd-ci/USD/pxr/usd/usdShade/shaderDefUtils.cpp -- Unable to resolve info:sourceAsset </UsdPrimvarReader_string.info:mdl:sourceAsset> with value @UsdPreviewSurface.mdl@.

2026-07-28 15:22:27 [17,045ms] [Warning] [omni.usd] Warning: in GetNodeDiscoveryResults at line 136 of /builds/omniverse/usd-ci/USD/pxr/usd/usdShade/shaderDefUtils.cpp -- Unable to resolve info:sourceAsset </UsdPrimvarReader_normal.info:mdl:sourceAsset> with value @UsdPreviewSurface.mdl@.

2026-07-28 15:22:27 [17,045ms] [Warning] [omni.usd] Warning: in GetNodeDiscoveryResults at line 136 of /builds/omniverse/usd-ci/USD/pxr/usd/usdShade/shaderDefUtils.cpp -- Unable to resolve info:sourceAsset </UsdPrimvarReader_point.info:mdl:sourceAsset> with value @UsdPreviewSurface.mdl@.

2026-07-28 15:22:27 [17,046ms] [Warning] [omni.usd] Warning: in GetNodeDiscoveryResults at line 136 of /builds/omniverse/usd-ci/USD/pxr/usd/usdShade/shaderDefUtils.cpp -- Unable to resolve info:sourceAsset </UsdPrimvarReader_vector.info:mdl:sourceAsset> with value @UsdPreviewSurface.mdl@.

2026-07-28 15:22:27 [17,046ms] [Warning] [omni.usd] Warning: in GetNodeDiscoveryResults at line 136 of /builds/omniverse/usd-ci/USD/pxr/usd/usdShade/shaderDefUtils.cpp -- Unable to resolve info:sourceAsset </UsdPrimvarReader_matrix.info:mdl:sourceAsset> with value @UsdPreviewSurface.mdl@.

2026-07-28 15:22:27 [17,046ms] [Warning] [omni.usd] Warning: in GetNodeDiscoveryResults at line 136 of /builds/omniverse/usd-ci/USD/pxr/usd/usdShade/shaderDefUtils.cpp -- Unable to resolve info:sourceAsset </UsdTransform2d.info:mdl:sourceAsset> with value @UsdPreviewSurface.mdl@.

[INFO]: Time taken for scene creation : 11.693903 seconds
[INFO]: Scene manager:  <class InteractiveScene>
	Number of environments: 512
	Environment spacing   : 5.0
	Source prim name      : /World/envs/env_0
	Global prim paths     : ['/World/ground']
	Replicate physics     : True
2026-07-28 23:22:27.461 | INFO     | humanoidverse.simulator.isaacsim.isaacsim:__init__:110 - Starting the simulation. This may take a few seconds. Please wait...
[INFO]: Time taken for simulation start : 1.223026 seconds
[INFO] Event Manager:  <EventManager> contains 2 active terms.
+---------------------------------------+
| Active Event Terms in Mode: 'startup' |
+---------+-----------------------------+
|  Index  | Name                        |
+---------+-----------------------------+
|    0    | scale_body_mass             |
|    1    | random_joint_friction       |
|    2    | random_base_com             |
+---------+-----------------------------+
+--------------------------------------------------+
| Active Event Terms in Mode: 'on_push_by_setting_velocity' |
+----------------+---------------------------------+
|     Index      | Name                            |
+----------------+---------------------------------+
|       0        | push_robots                     |
+----------------+---------------------------------+

2026-07-28 23:22:28.724 | INFO     | humanoidverse.simulator.isaacsim.isaacsim:__init__:228 - Completed setting up the environment...
2026-07-28 23:22:28.855 | WARNING  | humanoidverse.simulator.isaacsim.isaacsim:load_assets:520 - The order of the joint_names in the robot_config does not match the order of the joint_ids in IsaacSim.
/home/wzk/BFM-Zero/.venv/lib/python3.10/site-packages/torch/functional.py:554: UserWarning: torch.meshgrid: in an upcoming release, it will be required to pass the indexing argument. (Triggered internally at /pytorch/aten/src/ATen/native/TensorShape.cpp:4314.)
  return _VF.meshgrid(tensors, **kwargs)  # type: ignore[attr-defined]
2026-07-28 23:22:29.105 | DEBUG    | humanoidverse.envs.legged_base_task.legged_robot_base:_init_buffers:85 - PD gain of joint left_hip_pitch_joint were defined, setting them to 60.0 and 4.5
2026-07-28 23:22:29.106 | DEBUG    | humanoidverse.envs.legged_base_task.legged_robot_base:_init_buffers:85 - PD gain of joint left_hip_roll_joint were defined, setting them to 55.0 and 2.799999952316284
2026-07-28 23:22:29.108 | DEBUG    | humanoidverse.envs.legged_base_task.legged_robot_base:_init_buffers:85 - PD gain of joint left_hip_yaw_joint were defined, setting them to 25.0 and 1.100000023841858
2026-07-28 23:22:29.110 | DEBUG    | humanoidverse.envs.legged_base_task.legged_robot_base:_init_buffers:85 - PD gain of joint left_knee_pitch_joint were defined, setting them to 60.0 and 4.5
2026-07-28 23:22:29.111 | DEBUG    | humanoidverse.envs.legged_base_task.legged_robot_base:_init_buffers:85 - PD gain of joint left_ankle_pitch_joint were defined, setting them to 50.0 and 1.2000000476837158
2026-07-28 23:22:29.113 | DEBUG    | humanoidverse.envs.legged_base_task.legged_robot_base:_init_buffers:85 - PD gain of joint left_ankle_roll_joint were defined, setting them to 45.0 and 1.2000000476837158
2026-07-28 23:22:29.115 | DEBUG    | humanoidverse.envs.legged_base_task.legged_robot_base:_init_buffers:85 - PD gain of joint right_hip_pitch_joint were defined, setting them to 60.0 and 4.5
2026-07-28 23:22:29.117 | DEBUG    | humanoidverse.envs.legged_base_task.legged_robot_base:_init_buffers:85 - PD gain of joint right_hip_roll_joint were defined, setting them to 55.0 and 2.799999952316284
2026-07-28 23:22:29.119 | DEBUG    | humanoidverse.envs.legged_base_task.legged_robot_base:_init_buffers:85 - PD gain of joint right_hip_yaw_joint were defined, setting them to 25.0 and 1.100000023841858
2026-07-28 23:22:29.120 | DEBUG    | humanoidverse.envs.legged_base_task.legged_robot_base:_init_buffers:85 - PD gain of joint right_knee_pitch_joint were defined, setting them to 60.0 and 4.5
2026-07-28 23:22:29.122 | DEBUG    | humanoidverse.envs.legged_base_task.legged_robot_base:_init_buffers:85 - PD gain of joint right_ankle_pitch_joint were defined, setting them to 50.0 and 1.2000000476837158
2026-07-28 23:22:29.124 | DEBUG    | humanoidverse.envs.legged_base_task.legged_robot_base:_init_buffers:85 - PD gain of joint right_ankle_roll_joint were defined, setting them to 45.0 and 1.2000000476837158
2026-07-28 23:22:29.125 | DEBUG    | humanoidverse.envs.legged_base_task.legged_robot_base:_init_buffers:85 - PD gain of joint waist_yaw_joint were defined, setting them to 65.0 and 3.0
2026-07-28 23:22:29.126 | DEBUG    | humanoidverse.envs.legged_base_task.legged_robot_base:_init_buffers:85 - PD gain of joint left_shoulder_pitch_joint were defined, setting them to 30.0 and 1.0
2026-07-28 23:22:29.127 | DEBUG    | humanoidverse.envs.legged_base_task.legged_robot_base:_init_buffers:85 - PD gain of joint left_shoulder_roll_joint were defined, setting them to 25.0 and 2.0
2026-07-28 23:22:29.129 | DEBUG    | humanoidverse.envs.legged_base_task.legged_robot_base:_init_buffers:85 - PD gain of joint left_shoulder_yaw_joint were defined, setting them to 30.0 and 1.0
2026-07-28 23:22:29.131 | DEBUG    | humanoidverse.envs.legged_base_task.legged_robot_base:_init_buffers:85 - PD gain of joint left_elbow_pitch_joint were defined, setting them to 20.0 and 1.0
2026-07-28 23:22:29.132 | DEBUG    | humanoidverse.envs.legged_base_task.legged_robot_base:_init_buffers:85 - PD gain of joint right_shoulder_pitch_joint were defined, setting them to 30.0 and 1.0
2026-07-28 23:22:29.134 | DEBUG    | humanoidverse.envs.legged_base_task.legged_robot_base:_init_buffers:85 - PD gain of joint right_shoulder_roll_joint were defined, setting them to 25.0 and 2.0
2026-07-28 23:22:29.135 | DEBUG    | humanoidverse.envs.legged_base_task.legged_robot_base:_init_buffers:85 - PD gain of joint right_shoulder_yaw_joint were defined, setting them to 30.0 and 1.0
2026-07-28 23:22:29.137 | DEBUG    | humanoidverse.envs.legged_base_task.legged_robot_base:_init_buffers:85 - PD gain of joint right_elbow_pitch_joint were defined, setting them to 20.0 and 1.0
2026-07-28 23:22:29.155 | INFO     | humanoidverse.envs.legged_base_task.legged_robot_base:_prepare_reward_function:147 - Zhengyi set reward on 20250320
2026-07-28 23:22:29.156 | INFO     | humanoidverse.envs.legged_base_task.legged_robot_base:_prepare_reward_function:152 - Scale: penalty_torques = -1e-06
2026-07-28 23:22:29.156 | INFO     | humanoidverse.envs.legged_base_task.legged_robot_base:_prepare_reward_function:152 - Scale: penalty_undesired_contact = -1
2026-07-28 23:22:29.156 | INFO     | humanoidverse.envs.legged_base_task.legged_robot_base:_prepare_reward_function:152 - Scale: penalty_action_rate = -0.5
2026-07-28 23:22:29.156 | INFO     | humanoidverse.envs.legged_base_task.legged_robot_base:_prepare_reward_function:152 - Scale: penalty_ankle_roll = -0.5
2026-07-28 23:22:29.156 | INFO     | humanoidverse.envs.legged_base_task.legged_robot_base:_prepare_reward_function:152 - Scale: penalty_feet_ori = -0.1
2026-07-28 23:22:29.157 | INFO     | humanoidverse.envs.legged_base_task.legged_robot_base:_prepare_reward_function:152 - Scale: feet_heading_alignment = -0.1
2026-07-28 23:22:29.157 | INFO     | humanoidverse.envs.legged_base_task.legged_robot_base:_prepare_reward_function:152 - Scale: penalty_slippage = -1.0
2026-07-28 23:22:29.157 | INFO     | humanoidverse.envs.legged_base_task.legged_robot_base:_prepare_reward_function:152 - Scale: limits_dof_pos = -10.0
2026-07-28 23:22:29.157 | INFO     | humanoidverse.envs.legged_base_task.legged_robot_base:_prepare_reward_function:152 - Scale: limits_dof_vel = -5.0
2026-07-28 23:22:29.157 | INFO     | humanoidverse.envs.legged_base_task.legged_robot_base:_prepare_reward_function:152 - Scale: limits_torque = -5.0
2026-07-28 23:22:29.158 | INFO     | humanoidverse.envs.legged_base_task.legged_robot_base:_prepare_reward_function:163 - Use Reward Penalty: True
2026-07-28 23:22:29.158 | INFO     | humanoidverse.envs.legged_base_task.legged_robot_base:_prepare_reward_function:165 - Penalty Reward Names: ['penalty_torques', 'penalty_action_rate', 'limits_dof_pos', 'limits_torque', 'penalty_slippage', 'penalty_undesired_contact', 'penalty_ankle_roll', 'penalty_feet_ori']
2026-07-28 23:22:29.159 | INFO     | humanoidverse.envs.legged_base_task.legged_robot_base:_prepare_reward_function:166 - Penalty Reward Initial Scale: 0.1
2026-07-28 23:22:29.163 | INFO     | humanoidverse.envs.env_utils.history_handler:__init__:25 - History Handler Initialized
2026-07-28 23:22:29.163 | INFO     | humanoidverse.envs.env_utils.history_handler:__init__:27 - Key: base_ang_vel, Value: 4
2026-07-28 23:22:29.163 | INFO     | humanoidverse.envs.env_utils.history_handler:__init__:27 - Key: projected_gravity, Value: 4
2026-07-28 23:22:29.163 | INFO     | humanoidverse.envs.env_utils.history_handler:__init__:27 - Key: dof_pos, Value: 4
2026-07-28 23:22:29.163 | INFO     | humanoidverse.envs.env_utils.history_handler:__init__:27 - Key: dof_vel, Value: 4
2026-07-28 23:22:29.163 | INFO     | humanoidverse.envs.env_utils.history_handler:__init__:27 - Key: actions, Value: 4
2026-07-28 23:22:29.165 | INFO     | humanoidverse.utils.motion_lib.motion_lib_base:__init__:53 - Loaded skeleton from /home/wzk/BFM-Zero/humanoidverse/data/robots/mini3/mjcf/mini3.xml
2026-07-28 23:22:29.165 | INFO     | humanoidverse.utils.motion_lib.motion_lib_base:__init__:54 - Loading motion data from /home/wzk/BFM-Zero/humanoidverse/data/lafan1_mini3...
2026-07-28 23:22:29.168 | INFO     | humanoidverse.utils.motion_lib.motion_lib_base:load_data:92 - Loaded 77 motions
Loading Meshes ... ━━━━━━━━━━━━━━━━━━━━━━━━━━━━━━━━━━━━━━━━ 100% 0:00:01
Loading Geoms... ━━━━━━━━━━━━━━━━━━━━━━━━━━━━━━━━━━━━━━━━ 100% 0:00:00
2026-07-28 23:22:30.649 | INFO     | humanoidverse.utils.motion_lib.motion_lib_base:load_motions:387 - Loading 77 motions...
2026-07-28 23:22:30.650 | INFO     | humanoidverse.utils.motion_lib.motion_lib_base:load_motions:388 - Sampling motion: tensor([0, 1, 2, 3, 4, 5, 6, 7, 8, 9], device='cuda:7'), ....
2026-07-28 23:22:30.651 | INFO     | humanoidverse.utils.motion_lib.motion_lib_base:load_motions:389 - Current motion keys: ['/home/wzk/BFM-Zero/humanoidverse/data/lafan1_mini3/fight1_subject5.pkl', '/home/wzk/BFM-Zero/humanoidverse/data/lafan1_mini3/pushAndFall1_subject1.pkl', '/home/wzk/BFM-Zero/humanoidverse/data/lafan1_mini3/obstacles4_subject3.pkl', '/home/wzk/BFM-Zero/humanoidverse/data/lafan1_mini3/obstacles4_subject2.pkl', '/home/wzk/BFM-Zero/humanoidverse/data/lafan1_mini3/jumps1_subject5.pkl', '/home/wzk/BFM-Zero/humanoidverse/data/lafan1_mini3/obstacles2_subject5.pkl', '/home/wzk/BFM-Zero/humanoidverse/data/lafan1_mini3/ground1_subject4.pkl', '/home/wzk/BFM-Zero/humanoidverse/data/lafan1_mini3/dance2_subject2.pkl', '/home/wzk/BFM-Zero/humanoidverse/data/lafan1_mini3/walk3_subject2.pkl', '/home/wzk/BFM-Zero/humanoidverse/data/lafan1_mini3/fightAndSports1_subject4.pkl'], ....
Loading motions... ━━━━━━━━━━━━━━━━━━━━━━━━━━━━━━━━━━━━━━━━ 100% 0:00:00
Gathering results... ━━━━━━━━━━━━━━━━━━━━━━━━━━━━━━━━━━━━━━━━   
Processing motions... ━━━━━━━━━━━━━━━━━━━━━━━━━━━━━━━━━━━━━━━━ 100% 0:00:00
2026-07-28 23:22:31.742 | INFO     | humanoidverse.utils.motion_lib.motion_lib_base:load_motions:487 - Loaded 77 motions with a total length of 767.434s and 23100 frames.
Resolved spaces: state=48, action=21, privileged_state=358
Workdir: results/bfmzero-mini3-clean-disc-v2
compile True
compiling with mode 'reduce-overhead'
cudagraphs False
TensorBoard logdir: results/bfmzero-mini3-clean-disc-v2/tensorboard
All motions already loaded!!! No need to resample.
2026-07-28 23:22:37.665 | INFO     | humanoidverse.envs.env_utils.history_handler:__init__:25 - History Handler Initialized
2026-07-28 23:22:37.665 | INFO     | humanoidverse.envs.env_utils.history_handler:__init__:27 - Key: base_ang_vel, Value: 4
2026-07-28 23:22:37.665 | INFO     | humanoidverse.envs.env_utils.history_handler:__init__:27 - Key: projected_gravity, Value: 4
2026-07-28 23:22:37.665 | INFO     | humanoidverse.envs.env_utils.history_handler:__init__:27 - Key: dof_pos, Value: 4
2026-07-28 23:22:37.665 | INFO     | humanoidverse.envs.env_utils.history_handler:__init__:27 - Key: dof_vel, Value: 4
2026-07-28 23:22:37.665 | INFO     | humanoidverse.envs.env_utils.history_handler:__init__:27 - Key: actions, Value: 4
Creating the training environment
Allocating buffers
Starting training
Starting evaluation at time 0
/home/wzk/BFM-Zero/humanoidverse/agents/evaluations/humanoidverse_isaac.py:495: UserWarning: To copy construct from a tensor, it is recommended to use sourceTensor.detach().clone() or sourceTensor.detach().clone().requires_grad_(True), rather than torch.tensor(sourceTensor).
  tracking_target = torch.tensor(ep["tracking_target"]["state"][:, :pose_dim], dtype=torch.float32)
/home/wzk/BFM-Zero/humanoidverse/agents/evaluations/humanoidverse_isaac.py:495: UserWarning: To copy construct from a tensor, it is recommended to use sourceTensor.detach().clone() or sourceTensor.detach().clone().requires_grad_(True), rather than torch.tensor(sourceTensor).
  tracking_target = torch.tensor(ep["tracking_target"]["state"][:, :pose_dim], dtype=torch.float32)
All motions already loaded!!! No need to resample.
All motions already loaded!!! No need to resample.
W0728 23:23:49.320000 4148060 .venv/lib/python3.10/site-packages/torch/_logging/_internal.py:1130] [6/0] Profiler function <class 'torch.autograd.profiler.record_function'> will be ignored
/home/wzk/BFM-Zero/.venv/lib/python3.10/site-packages/torch/_inductor/lowering.py:1725: FutureWarning: `torch._prims_common.check` is deprecated and will be removed in the future. Please use `torch._check*` functions instead.
  check(
/home/wzk/BFM-Zero/.venv/lib/python3.10/site-packages/torch/_inductor/lowering.py:1725: FutureWarning: `torch._prims_common.check` is deprecated and will be removed in the future. Please use `torch._check*` functions instead.
  check(
